###############################################################################
#
# IAR ELF Linker V8.40.1.212/W32 for ARM                  11/Mar/2021  09:25:48
# Copyright 2007-2019 IAR Systems AB.
#
#    Output file  =
#        C:\Users\mac\Documents\MASTER_DEGREE\Speed_PWM_profile_test\EWARM\Speed_PWM_profile_test\Exe\Speed_PWM_profile_test.out
#    Map file     =
#        C:\Users\mac\Documents\MASTER_DEGREE\Speed_PWM_profile_test\EWARM\Speed_PWM_profile_test\List\Speed_PWM_profile_test.map
#    Command line =
#        -f C:\Users\mac\AppData\Local\Temp\EW54A8.tmp
#        (C:\Users\mac\Documents\MASTER_DEGREE\Speed_PWM_profile_test\EWARM\Speed_PWM_profile_test\Obj\gpio.o
#        C:\Users\mac\Documents\MASTER_DEGREE\Speed_PWM_profile_test\EWARM\Speed_PWM_profile_test\Obj\i2c.o
#        C:\Users\mac\Documents\MASTER_DEGREE\Speed_PWM_profile_test\EWARM\Speed_PWM_profile_test\Obj\i2s.o
#        C:\Users\mac\Documents\MASTER_DEGREE\Speed_PWM_profile_test\EWARM\Speed_PWM_profile_test\Obj\main.o
#        C:\Users\mac\Documents\MASTER_DEGREE\Speed_PWM_profile_test\EWARM\Speed_PWM_profile_test\Obj\spi.o
#        C:\Users\mac\Documents\MASTER_DEGREE\Speed_PWM_profile_test\EWARM\Speed_PWM_profile_test\Obj\startup_stm32f407xx.o
#        C:\Users\mac\Documents\MASTER_DEGREE\Speed_PWM_profile_test\EWARM\Speed_PWM_profile_test\Obj\stm32f4xx_hal.o
#        C:\Users\mac\Documents\MASTER_DEGREE\Speed_PWM_profile_test\EWARM\Speed_PWM_profile_test\Obj\stm32f4xx_hal_cortex.o
#        C:\Users\mac\Documents\MASTER_DEGREE\Speed_PWM_profile_test\EWARM\Speed_PWM_profile_test\Obj\stm32f4xx_hal_dma.o
#        C:\Users\mac\Documents\MASTER_DEGREE\Speed_PWM_profile_test\EWARM\Speed_PWM_profile_test\Obj\stm32f4xx_hal_dma_ex.o
#        C:\Users\mac\Documents\MASTER_DEGREE\Speed_PWM_profile_test\EWARM\Speed_PWM_profile_test\Obj\stm32f4xx_hal_exti.o
#        C:\Users\mac\Documents\MASTER_DEGREE\Speed_PWM_profile_test\EWARM\Speed_PWM_profile_test\Obj\stm32f4xx_hal_flash.o
#        C:\Users\mac\Documents\MASTER_DEGREE\Speed_PWM_profile_test\EWARM\Speed_PWM_profile_test\Obj\stm32f4xx_hal_flash_ex.o
#        C:\Users\mac\Documents\MASTER_DEGREE\Speed_PWM_profile_test\EWARM\Speed_PWM_profile_test\Obj\stm32f4xx_hal_flash_ramfunc.o
#        C:\Users\mac\Documents\MASTER_DEGREE\Speed_PWM_profile_test\EWARM\Speed_PWM_profile_test\Obj\stm32f4xx_hal_gpio.o
#        C:\Users\mac\Documents\MASTER_DEGREE\Speed_PWM_profile_test\EWARM\Speed_PWM_profile_test\Obj\stm32f4xx_hal_hcd.o
#        C:\Users\mac\Documents\MASTER_DEGREE\Speed_PWM_profile_test\EWARM\Speed_PWM_profile_test\Obj\stm32f4xx_hal_i2c.o
#        C:\Users\mac\Documents\MASTER_DEGREE\Speed_PWM_profile_test\EWARM\Speed_PWM_profile_test\Obj\stm32f4xx_hal_i2c_ex.o
#        C:\Users\mac\Documents\MASTER_DEGREE\Speed_PWM_profile_test\EWARM\Speed_PWM_profile_test\Obj\stm32f4xx_hal_i2s.o
#        C:\Users\mac\Documents\MASTER_DEGREE\Speed_PWM_profile_test\EWARM\Speed_PWM_profile_test\Obj\stm32f4xx_hal_i2s_ex.o
#        C:\Users\mac\Documents\MASTER_DEGREE\Speed_PWM_profile_test\EWARM\Speed_PWM_profile_test\Obj\stm32f4xx_hal_msp.o
#        C:\Users\mac\Documents\MASTER_DEGREE\Speed_PWM_profile_test\EWARM\Speed_PWM_profile_test\Obj\stm32f4xx_hal_pwr.o
#        C:\Users\mac\Documents\MASTER_DEGREE\Speed_PWM_profile_test\EWARM\Speed_PWM_profile_test\Obj\stm32f4xx_hal_pwr_ex.o
#        C:\Users\mac\Documents\MASTER_DEGREE\Speed_PWM_profile_test\EWARM\Speed_PWM_profile_test\Obj\stm32f4xx_hal_rcc.o
#        C:\Users\mac\Documents\MASTER_DEGREE\Speed_PWM_profile_test\EWARM\Speed_PWM_profile_test\Obj\stm32f4xx_hal_rcc_ex.o
#        C:\Users\mac\Documents\MASTER_DEGREE\Speed_PWM_profile_test\EWARM\Speed_PWM_profile_test\Obj\stm32f4xx_hal_spi.o
#        C:\Users\mac\Documents\MASTER_DEGREE\Speed_PWM_profile_test\EWARM\Speed_PWM_profile_test\Obj\stm32f4xx_hal_tim.o
#        C:\Users\mac\Documents\MASTER_DEGREE\Speed_PWM_profile_test\EWARM\Speed_PWM_profile_test\Obj\stm32f4xx_hal_tim_ex.o
#        C:\Users\mac\Documents\MASTER_DEGREE\Speed_PWM_profile_test\EWARM\Speed_PWM_profile_test\Obj\stm32f4xx_it.o
#        C:\Users\mac\Documents\MASTER_DEGREE\Speed_PWM_profile_test\EWARM\Speed_PWM_profile_test\Obj\stm32f4xx_ll_usb.o
#        C:\Users\mac\Documents\MASTER_DEGREE\Speed_PWM_profile_test\EWARM\Speed_PWM_profile_test\Obj\system_stm32f4xx.o
#        C:\Users\mac\Documents\MASTER_DEGREE\Speed_PWM_profile_test\EWARM\Speed_PWM_profile_test\Obj\tawan_encoder_drive.o
#        C:\Users\mac\Documents\MASTER_DEGREE\Speed_PWM_profile_test\EWARM\Speed_PWM_profile_test\Obj\tim.o
#        C:\Users\mac\Documents\MASTER_DEGREE\Speed_PWM_profile_test\EWARM\Speed_PWM_profile_test\Obj\usb_otg.o
#        --no_out_extension -o
#        C:\Users\mac\Documents\MASTER_DEGREE\Speed_PWM_profile_test\EWARM\Speed_PWM_profile_test\Exe\Speed_PWM_profile_test.out
#        --redirect _Printf=_PrintfFullNoMb --redirect _Scanf=_ScanfFullNoMb
#        --map
#        C:\Users\mac\Documents\MASTER_DEGREE\Speed_PWM_profile_test\EWARM\Speed_PWM_profile_test\List\Speed_PWM_profile_test.map
#        --config
#        C:\Users\mac\Documents\MASTER_DEGREE\Speed_PWM_profile_test\EWARM/stm32f407xx_flash.icf
#        --semihosting --entry __iar_program_start --vfe --text_out locale)
#
###############################################################################

*******************************************************************************
*** RUNTIME MODEL ATTRIBUTES
***

CppFlavor       = *
__SystemLibrary = DLib
__dlib_version  = 6


*******************************************************************************
*** HEAP SELECTION
***

The basic heap was selected because no calls to memory allocation
functions were found in the application outside of system library
functions, and there are calls to deallocation functions in the
application.


*******************************************************************************
*** PLACEMENT SUMMARY
***

"A0":  place at address 0x800'0000 { ro section .intvec };
"P1":  place in [from 0x800'0000 to 0x80f'ffff] { ro };
define block CSTACK with size = 1K, alignment = 8 { };
define block HEAP with size = 512, alignment = 8 { };
"P2":  place in [from 0x2000'0000 to 0x2001'ffff] {
          rw, block CSTACK, block HEAP };
initialize by copy { rw };

  Section            Kind         Address    Size  Object
  -------            ----         -------    ----  ------
"A0":                                       0x188
  .intvec            ro code   0x800'0000   0x188  startup_stm32f407xx.o [1]
                             - 0x800'0188   0x188

"P1":                                      0x5aa8
  .text              ro code   0x800'0188   0xfaa  xprintffull_nomb.o [2]
  .text              ro code   0x800'1132    0x3a  zero_init3.o [4]
  .text              ro code   0x800'116c    0x16  strchr.o [4]
  .text              ro code   0x800'1184    0x40  xfail_s.o [2]
  .text              ro code   0x800'11c4    0x36  strlen.o [4]
  .text              ro code   0x800'11fc    0x58  memchr.o [4]
  .text              ro code   0x800'1254    0xa6  ABImemcpy.o [4]
  .text              ro code   0x800'12fc    0x70  frexp.o [3]
  .text              ro code   0x800'136c    0x2e  DblCmpLe.o [3]
  .text              ro code   0x800'139c    0x2e  DblCmpGe.o [3]
  .text              ro code   0x800'13cc   0x13a  ldexp.o [3]
  .text              ro code   0x800'1508    0x3a  DblToS32.o [3]
  .text              ro code   0x800'1544    0x22  S32ToDbl.o [3]
  .text              ro code   0x800'1568    0xe2  DblSub.o [3]
  .text              ro code   0x800'164c   0x246  DblDiv.o [3]
  .text              ro code   0x800'1894    0x28  DblToU32.o [3]
  .text              ro code   0x800'18bc    0x1a  U32ToDbl.o [3]
  .text              ro code   0x800'18d8   0x1a2  DblMul.o [3]
  .text              ro code   0x800'1a7c   0x230  I64DivMod.o [4]
  .text              ro code   0x800'1cac     0x6  abort.o [2]
  .text              ro code   0x800'1cb4   0x16a  DblAdd.o [3]
  .text              ro code   0x800'1e20     0x2  I64DivZer.o [4]
  .text              ro code   0x800'1e24    0x14  exit.o [5]
  .text              ro code   0x800'1e38    0x7c  iarttio.o [5]
  .text              ro code   0x800'1eb4    0x3c  XShttio.o [2]
  .text              ro code   0x800'1ef0   0xce8  stm32f4xx_hal_hcd.o [1]
  .text              ro code   0x800'2bd8    0xdc  usb_otg.o [1]
  .text              ro code   0x800'2cb4   0x498  stm32f4xx_ll_usb.o [1]
  .text              ro code   0x800'314c     0x2  stm32f4xx_hal_hcd.o [1]
  .text              ro code   0x800'314e     0x2  stm32f4xx_hal_hcd.o [1]
  .text              ro code   0x800'3150     0x2  stm32f4xx_hal_hcd.o [1]
  .text              ro code   0x800'3152     0x2  stm32f4xx_hal_hcd.o [1]
  .text              ro code   0x800'3154     0x2  stm32f4xx_hal_hcd.o [1]
  .text              ro code   0x800'3156     0x2  stm32f4xx_hal_hcd.o [1]
  .text              ro code   0x800'3158   0x200  main.o [1]
  .text              ro code   0x800'3358    0x14  memset.o [4]
  .text              ro code   0x800'336c   0x21c  stm32f4xx_hal_gpio.o [1]
  .text              ro code   0x800'3588   0x12c  stm32f4xx_hal_cortex.o [1]
  .text              ro code   0x800'36b4    0x28  stm32f4xx_hal.o [1]
  .text              ro code   0x800'36dc    0x34  stm32f4xx_hal.o [1]
  .text              ro code   0x800'3710   0x1c0  gpio.o [1]
  .text              ro code   0x800'38d0    0xbc  i2c.o [1]
  .text              ro code   0x800'398c    0xf0  i2s.o [1]
  .text              ro code   0x800'3a7c    0xc4  spi.o [1]
  .text              ro code   0x800'3b40   0x2ac  tim.o [1]
  .text              ro code   0x800'3dec   0x6d6  stm32f4xx_hal_tim.o [1]
  .text              ro code   0x800'44c4    0x28  printf.o [2]
  .text              ro code   0x800'44ec     0xc  stm32f4xx_hal.o [1]
  .text              ro code   0x800'44f8   0x1ba  tawan_encoder_drive.o [1]
  .text              ro code   0x800'46b4   0x3b4  stm32f4xx_hal_rcc.o [1]
  .text              ro code   0x800'4a68   0x1f4  stm32f4xx_hal_rcc.o [1]
  .text              ro code   0x800'4c5c   0x1c0  stm32f4xx_hal_rcc_ex.o [1]
  .text              ro code   0x800'4e1c    0x66  ABImemset.o [4]
  .text              ro code   0x800'4e84    0x4c  stm32f4xx_hal.o [1]
  .text              ro code   0x800'4ed0    0x44  stm32f4xx_hal_msp.o [1]
  .text              ro code   0x800'4f14   0x1e8  stm32f4xx_hal_i2c.o [1]
  .text              ro code   0x800'50fc   0x2c6  stm32f4xx_hal_i2s.o [1]
  .text              ro code   0x800'53c4    0x8e  stm32f4xx_hal_spi.o [1]
  .text              ro code   0x800'5454    0xac  stm32f4xx_hal_tim_ex.o [1]
  .text              ro code   0x800'5500     0x2  stm32f4xx_hal_tim.o [1]
  .text              ro code   0x800'5502     0x2  stm32f4xx_hal_tim.o [1]
  .text              ro code   0x800'5504     0x2  stm32f4xx_hal_tim.o [1]
  .text              ro code   0x800'5506     0x2  stm32f4xx_hal_tim.o [1]
  .text              ro code   0x800'5508     0x2  stm32f4xx_hal_tim_ex.o [1]
  .text              ro code   0x800'550a     0x2  stm32f4xx_hal_tim.o [1]
  .text              ro code   0x800'550c     0x2  stm32f4xx_hal_tim_ex.o [1]
  .text              ro code   0x800'5510    0x48  FltToDbl.o [3]
  .text              ro code   0x800'5558    0x68  DblToFlt.o [3]
  .text              ro code   0x800'55c0     0x2  stm32f4xx_hal_i2s.o [1]
  .text              ro code   0x800'55c2     0x2  stm32f4xx_hal_i2s.o [1]
  .text              ro code   0x800'55c4     0x2  stm32f4xx_hal_i2s.o [1]
  .text              ro code   0x800'55c8   0x2e0  stm32f4xx_hal_i2s_ex.o [1]
  .text              ro code   0x800'58a8     0x2  stm32f4xx_hal_i2s_ex.o [1]
  .text              ro code   0x800'58aa    0x38  packbits_init_single.o [4]
  .text              ro code   0x800'58e4    0x34  stm32f4xx_it.o [1]
  .text              ro code   0x800'5918    0x18  stm32f4xx_hal.o [1]
  .text              ro code   0x800'5930    0x28  data_init.o [4]
  .text              ro code   0x800'5958    0x22  fpinit_M.o [3]
  .text              ro code   0x800'597a    0x22  iarwrite.o [5]
  .iar.init_table    const     0x800'599c    0x20  - Linker created -
  .text              ro code   0x800'59bc    0x20  putchar.o [2]
  .text              ro code   0x800'59dc    0x10  write.o [5]
  .text              ro code   0x800'59ec    0x1e  dwrite.o [5]
  .text              ro code   0x800'5a0a    0x20  iarwstd.o [5]
  .text              ro code   0x800'5a2c    0x1e  cmain.o [4]
  .text              ro code   0x800'5a4a     0x4  low_level_init.o [2]
  .text              ro code   0x800'5a4e     0x4  exit.o [2]
  .text              ro code   0x800'5a54     0xa  cexit.o [4]
  .text              ro code   0x800'5a60    0x1c  system_stm32f4xx.o [1]
  .text              ro code   0x800'5a7c    0x16  xprout.o [2]
  .rodata            const     0x800'5a94    0x10  system_stm32f4xx.o [1]
  .text              ro code   0x800'5aa4    0x10  startup_stm32f407xx.o [1]
  .rodata            const     0x800'5ab4     0xc  main.o [1]
  .text              ro code   0x800'5ac0     0xc  cstartup_M.o [4]
  .rodata            const     0x800'5acc     0x8  system_stm32f4xx.o [1]
  .rodata            const     0x800'5ad4     0x8  xprintffull_nomb.o [2]
  .text              ro code   0x800'5adc     0x4  startup_stm32f407xx.o [1]
  .text              ro code   0x800'5ae0     0x4  startup_stm32f407xx.o [1]
  .text              ro code   0x800'5ae4     0x4  startup_stm32f407xx.o [1]
  .text              ro code   0x800'5ae8     0x4  startup_stm32f407xx.o [1]
  .text              ro code   0x800'5aec     0x4  startup_stm32f407xx.o [1]
  .text              ro code   0x800'5af0     0x4  startup_stm32f407xx.o [1]
  .text              ro code   0x800'5af4     0x4  startup_stm32f407xx.o [1]
  .text              ro code   0x800'5af8     0x4  startup_stm32f407xx.o [1]
  .text              ro code   0x800'5afc     0x4  startup_stm32f407xx.o [1]
  .text              ro code   0x800'5b00     0x4  startup_stm32f407xx.o [1]
  .text              ro code   0x800'5b04     0x4  startup_stm32f407xx.o [1]
  .text              ro code   0x800'5b08     0x4  startup_stm32f407xx.o [1]
  .text              ro code   0x800'5b0c     0x4  startup_stm32f407xx.o [1]
  .text              ro code   0x800'5b10     0x4  startup_stm32f407xx.o [1]
  .text              ro code   0x800'5b14     0x4  startup_stm32f407xx.o [1]
  .text              ro code   0x800'5b18     0x4  startup_stm32f407xx.o [1]
  .text              ro code   0x800'5b1c     0x4  startup_stm32f407xx.o [1]
  .text              ro code   0x800'5b20     0x4  startup_stm32f407xx.o [1]
  .text              ro code   0x800'5b24     0x4  startup_stm32f407xx.o [1]
  .text              ro code   0x800'5b28     0x4  startup_stm32f407xx.o [1]
  .text              ro code   0x800'5b2c     0x4  startup_stm32f407xx.o [1]
  .text              ro code   0x800'5b30     0x4  startup_stm32f407xx.o [1]
  .text              ro code   0x800'5b34     0x4  startup_stm32f407xx.o [1]
  .text              ro code   0x800'5b38     0x4  startup_stm32f407xx.o [1]
  .text              ro code   0x800'5b3c     0x4  startup_stm32f407xx.o [1]
  .text              ro code   0x800'5b40     0x4  startup_stm32f407xx.o [1]
  .text              ro code   0x800'5b44     0x4  startup_stm32f407xx.o [1]
  .text              ro code   0x800'5b48     0x4  startup_stm32f407xx.o [1]
  .text              ro code   0x800'5b4c     0x4  startup_stm32f407xx.o [1]
  .text              ro code   0x800'5b50     0x4  startup_stm32f407xx.o [1]
  .text              ro code   0x800'5b54     0x4  startup_stm32f407xx.o [1]
  .text              ro code   0x800'5b58     0x4  startup_stm32f407xx.o [1]
  .text              ro code   0x800'5b5c     0x4  startup_stm32f407xx.o [1]
  .text              ro code   0x800'5b60     0x4  startup_stm32f407xx.o [1]
  .text              ro code   0x800'5b64     0x4  startup_stm32f407xx.o [1]
  .text              ro code   0x800'5b68     0x4  startup_stm32f407xx.o [1]
  .text              ro code   0x800'5b6c     0x4  startup_stm32f407xx.o [1]
  .text              ro code   0x800'5b70     0x4  startup_stm32f407xx.o [1]
  .text              ro code   0x800'5b74     0x4  startup_stm32f407xx.o [1]
  .text              ro code   0x800'5b78     0x4  startup_stm32f407xx.o [1]
  .text              ro code   0x800'5b7c     0x4  startup_stm32f407xx.o [1]
  .text              ro code   0x800'5b80     0x4  startup_stm32f407xx.o [1]
  .text              ro code   0x800'5b84     0x4  startup_stm32f407xx.o [1]
  .text              ro code   0x800'5b88     0x4  startup_stm32f407xx.o [1]
  .text              ro code   0x800'5b8c     0x4  startup_stm32f407xx.o [1]
  .text              ro code   0x800'5b90     0x4  startup_stm32f407xx.o [1]
  .text              ro code   0x800'5b94     0x4  startup_stm32f407xx.o [1]
  .text              ro code   0x800'5b98     0x4  startup_stm32f407xx.o [1]
  .text              ro code   0x800'5b9c     0x4  startup_stm32f407xx.o [1]
  .text              ro code   0x800'5ba0     0x4  startup_stm32f407xx.o [1]
  .text              ro code   0x800'5ba4     0x4  startup_stm32f407xx.o [1]
  .text              ro code   0x800'5ba8     0x4  startup_stm32f407xx.o [1]
  .text              ro code   0x800'5bac     0x4  startup_stm32f407xx.o [1]
  .text              ro code   0x800'5bb0     0x4  startup_stm32f407xx.o [1]
  .text              ro code   0x800'5bb4     0x4  startup_stm32f407xx.o [1]
  .text              ro code   0x800'5bb8     0x4  startup_stm32f407xx.o [1]
  .text              ro code   0x800'5bbc     0x4  startup_stm32f407xx.o [1]
  .text              ro code   0x800'5bc0     0x4  startup_stm32f407xx.o [1]
  .text              ro code   0x800'5bc4     0x4  startup_stm32f407xx.o [1]
  .text              ro code   0x800'5bc8     0x4  startup_stm32f407xx.o [1]
  .text              ro code   0x800'5bcc     0x4  startup_stm32f407xx.o [1]
  .text              ro code   0x800'5bd0     0x4  startup_stm32f407xx.o [1]
  .text              ro code   0x800'5bd4     0x4  startup_stm32f407xx.o [1]
  .text              ro code   0x800'5bd8     0x4  startup_stm32f407xx.o [1]
  .text              ro code   0x800'5bdc     0x4  startup_stm32f407xx.o [1]
  .text              ro code   0x800'5be0     0x4  startup_stm32f407xx.o [1]
  .text              ro code   0x800'5be4     0x4  startup_stm32f407xx.o [1]
  .text              ro code   0x800'5be8     0x4  startup_stm32f407xx.o [1]
  .text              ro code   0x800'5bec     0x4  startup_stm32f407xx.o [1]
  .text              ro code   0x800'5bf0     0x4  startup_stm32f407xx.o [1]
  .text              ro code   0x800'5bf4     0x4  startup_stm32f407xx.o [1]
  .text              ro code   0x800'5bf8     0x4  startup_stm32f407xx.o [1]
  .text              ro code   0x800'5bfc     0x4  startup_stm32f407xx.o [1]
  .text              ro code   0x800'5c00     0x4  startup_stm32f407xx.o [1]
  .text              ro code   0x800'5c04     0x4  startup_stm32f407xx.o [1]
  .text              ro code   0x800'5c08     0x4  startup_stm32f407xx.o [1]
  .text              ro code   0x800'5c0c     0x4  startup_stm32f407xx.o [1]
  .text              ro code   0x800'5c10     0x4  startup_stm32f407xx.o [1]
  .text              ro code   0x800'5c14     0x4  startup_stm32f407xx.o [1]
  .rodata            const     0x800'5c18     0x0  zero_init3.o [4]
  .rodata            const     0x800'5c18     0x0  packbits_init_single.o [4]
  Initializer bytes  const     0x800'5c18    0x18  <for P2-1>
                             - 0x800'5c30  0x5aa8

"P2", part 1 of 3:                           0x25
  P2-1                        0x2000'0000    0x25  <Init block>
    .data            inited   0x2000'0000    0x14  main.o [1]
    .data            inited   0x2000'0014     0x4  stm32f4xx_hal.o [1]
    .data            inited   0x2000'0018     0x4  system_stm32f4xx.o [1]
    .data            inited   0x2000'001c     0x8  XShttio.o [2]
    .data            inited   0x2000'0024     0x1  stm32f4xx_hal.o [1]
                            - 0x2000'0025    0x25

"P2", part 2 of 3:                          0x628
  .bss               zero     0x2000'0028   0x2c4  usb_otg.o [1]
  .bss               zero     0x2000'02ec   0x190  main.o [1]
  .bss               zero     0x2000'047c    0x58  spi.o [1]
  .bss               zero     0x2000'04d4    0x54  i2c.o [1]
  .bss               zero     0x2000'0528    0x48  i2s.o [1]
  .bss               zero     0x2000'0570    0x40  tim.o [1]
  .bss               zero     0x2000'05b0    0x40  tim.o [1]
  .bss               zero     0x2000'05f0    0x40  tim.o [1]
  .bss               zero     0x2000'0630     0xc  main.o [1]
  .bss               zero     0x2000'063c     0x4  main.o [1]
  .bss               zero     0x2000'0640     0x4  stm32f4xx_hal.o [1]
  .bss               zero     0x2000'0644     0x4  xfail_s.o [2]
  .bss               zero     0x2000'0648     0x1  main.o [1]
  .bss               zero     0x2000'0649     0x1  main.o [1]
  .bss               zero     0x2000'064a     0x1  main.o [1]
  .bss               zero     0x2000'064b     0x1  main.o [1]
  .bss               zero     0x2000'064c     0x1  XShttio.o [2]
                            - 0x2000'064d   0x625

"P2", part 3 of 3:                          0x400
  CSTACK                      0x2000'0650   0x400  <Block>
    CSTACK           uninit   0x2000'0650   0x400  <Block tail>
                            - 0x2000'0a50   0x400

Unused ranges:

         From           To      Size
         ----           --      ----
   0x800'5c30   0x80f'ffff  0xf'a3d0
  0x2000'0025  0x2000'0027       0x3
  0x2000'0a50  0x2001'ffff  0x1'f5b0


*******************************************************************************
*** INIT TABLE
***

          Address      Size
          -------      ----
Zero (__iar_zero_init3)
    1 destination range, total size 0x625:
          0x2000'0028  0x625

Copy/packbits (__iar_packbits_init_single3)
    1 source range, total size 0x18 (64% of destination):
           0x800'5c18   0x18
    1 destination range, total size 0x25:
          0x2000'0000   0x25



*******************************************************************************
*** MODULE SUMMARY
***

    Module                  ro code  ro data  rw data
    ------                  -------  -------  -------
command line/config:
    -------------------------------------------------
    Total:

C:\Users\mac\Documents\MASTER_DEGREE\Speed_PWM_profile_test\EWARM\Speed_PWM_profile_test\Obj: [1]
    gpio.o                      448
    i2c.o                       188                84
    i2s.o                       240                72
    main.o                      512       24      440
    spi.o                       196                88
    startup_stm32f407xx.o       724
    stm32f4xx_hal.o             204        4        9
    stm32f4xx_hal_cortex.o      300
    stm32f4xx_hal_gpio.o        540
    stm32f4xx_hal_hcd.o       3'316
    stm32f4xx_hal_i2c.o         488
    stm32f4xx_hal_i2s.o         716
    stm32f4xx_hal_i2s_ex.o      738
    stm32f4xx_hal_msp.o          68
    stm32f4xx_hal_rcc.o       1'448
    stm32f4xx_hal_rcc_ex.o      448
    stm32f4xx_hal_spi.o         142
    stm32f4xx_hal_tim.o       1'760
    stm32f4xx_hal_tim_ex.o      176
    stm32f4xx_it.o               52
    stm32f4xx_ll_usb.o        1'176
    system_stm32f4xx.o           28       27        4
    tawan_encoder_drive.o       442
    tim.o                       684               192
    usb_otg.o                   220               708
    -------------------------------------------------
    Total:                   15'254       55    1'597

dl7M_tln.a: [2]
    XShttio.o                    60        5        9
    abort.o                       6
    exit.o                        4
    low_level_init.o              4
    printf.o                     40
    putchar.o                    32
    xfail_s.o                    64                 4
    xprintffull_nomb.o        4'010        8
    xprout.o                     22
    -------------------------------------------------
    Total:                    4'242       13       13

m7M_tls.a: [3]
    DblAdd.o                    362
    DblCmpGe.o                   46
    DblCmpLe.o                   46
    DblDiv.o                    582
    DblMul.o                    418
    DblSub.o                    226
    DblToFlt.o                  104
    DblToS32.o                   58
    DblToU32.o                   40
    FltToDbl.o                   72
    S32ToDbl.o                   34
    U32ToDbl.o                   26
    fpinit_M.o                   34
    frexp.o                     112
    ldexp.o                     314
    -------------------------------------------------
    Total:                    2'474

rt7M_tl.a: [4]
    ABImemcpy.o                 166
    ABImemset.o                 102
    I64DivMod.o                 560
    I64DivZer.o                   2
    cexit.o                      10
    cmain.o                      30
    cstartup_M.o                 12
    data_init.o                  40
    memchr.o                     88
    memset.o                     20
    packbits_init_single.o       56
    strchr.o                     22
    strlen.o                     54
    zero_init3.o                 58
    -------------------------------------------------
    Total:                    1'220

shb_l.a: [5]
    dwrite.o                     30
    exit.o                       20
    iarttio.o                   124
    iarwrite.o                   34
    iarwstd.o                    32
    write.o                      16
    -------------------------------------------------
    Total:                      256

    Gaps                         52        2
    Linker created                        32    1'024
-----------------------------------------------------
    Grand Total:             23'498      102    2'634


*******************************************************************************
*** ENTRY LIST
***

Entry                       Address   Size  Type      Object
-----                       -------   ----  ----      ------
.iar.init_table$$Base    0x800'599c          --   Gb  - Linker created -
.iar.init_table$$Limit   0x800'59bc          --   Gb  - Linker created -
?main                    0x800'5a2d         Code  Gb  cmain.o [4]
AHBPrescTable            0x800'5a94   0x10  Data  Gb  system_stm32f4xx.o [1]
APBPrescTable            0x800'5acc    0x8  Data  Gb  system_stm32f4xx.o [1]
BusFault_Handler         0x800'58eb    0x2  Code  Gb  stm32f4xx_it.o [1]
CSTACK$$Base            0x2000'0650          --   Gb  - Linker created -
CSTACK$$Limit           0x2000'0a50          --   Gb  - Linker created -
DebugMon_Handler         0x800'58f1    0x2  Code  Gb  stm32f4xx_it.o [1]
Error_Handler            0x800'3355    0x4  Code  Gb  main.o [1]
HAL_Delay                0x800'36b5   0x28  Code  Wk  stm32f4xx_hal.o [1]
HAL_GPIO_Init            0x800'336d  0x1d0  Code  Gb  stm32f4xx_hal_gpio.o [1]
HAL_GPIO_WritePin        0x800'353d   0x14  Code  Gb  stm32f4xx_hal_gpio.o [1]
HAL_GetTick              0x800'44ed    0xc  Code  Wk  stm32f4xx_hal.o [1]
HAL_HCD_IRQHandler       0x800'1f67  0x134  Code  Gb  stm32f4xx_hal_hcd.o [1]
HAL_HCD_Init             0x800'1ef1   0x76  Code  Gb  stm32f4xx_hal_hcd.o [1]
HAL_HCD_MspInit          0x800'2c05   0x9c  Code  Gb  usb_otg.o [1]
HAL_I2C_Init             0x800'4f15  0x1d0  Code  Gb  stm32f4xx_hal_i2c.o [1]
HAL_I2C_MspInit          0x800'3909   0x6a  Code  Gb  i2c.o [1]
HAL_I2SEx_FullDuplex_IRQHandler
                         0x800'55c9  0x1c6  Code  Gb  stm32f4xx_hal_i2s_ex.o [1]
HAL_I2S_ErrorCallback    0x800'55c5    0x2  Code  Wk  stm32f4xx_hal_i2s.o [1]
HAL_I2S_Init             0x800'50fd  0x18e  Code  Gb  stm32f4xx_hal_i2s.o [1]
HAL_I2S_MspInit          0x800'39c3   0x9c  Code  Gb  i2s.o [1]
HAL_IncTick              0x800'5919   0x18  Code  Wk  stm32f4xx_hal.o [1]
HAL_Init                 0x800'36dd   0x30  Code  Gb  stm32f4xx_hal.o [1]
HAL_InitTick             0x800'4e85   0x4c  Code  Wk  stm32f4xx_hal.o [1]
HAL_MspInit              0x800'4ed1   0x44  Code  Gb  stm32f4xx_hal_msp.o [1]
HAL_NVIC_EnableIRQ       0x800'3681    0xa  Code  Gb  stm32f4xx_hal_cortex.o [1]
HAL_NVIC_SetPriority     0x800'365f   0x22  Code  Gb  stm32f4xx_hal_cortex.o [1]
HAL_NVIC_SetPriorityGrouping
                         0x800'3657    0x8  Code  Gb  stm32f4xx_hal_cortex.o [1]
HAL_RCCEx_GetPeriphCLKFreq
                         0x800'4d89   0x5e  Code  Gb  stm32f4xx_hal_rcc_ex.o [1]
HAL_RCCEx_PeriphCLKConfig
                         0x800'4c5d  0x12c  Code  Gb  stm32f4xx_hal_rcc_ex.o [1]
HAL_RCC_ClockConfig      0x800'4a69  0x13a  Code  Gb  stm32f4xx_hal_rcc.o [1]
HAL_RCC_GetHCLKFreq      0x800'4ba3    0x6  Code  Gb  stm32f4xx_hal_rcc.o [1]
HAL_RCC_GetPCLK1Freq     0x800'4ba9   0x16  Code  Gb  stm32f4xx_hal_rcc.o [1]
HAL_RCC_OscConfig        0x800'46b5  0x3b4  Code  Wk  stm32f4xx_hal_rcc.o [1]
HAL_SPI_Init             0x800'53c5   0x8e  Code  Gb  stm32f4xx_hal_spi.o [1]
HAL_SPI_MspInit          0x800'3ac3   0x68  Code  Gb  spi.o [1]
HAL_SYSTICK_Config       0x800'368b    0x8  Code  Gb  stm32f4xx_hal_cortex.o [1]
HAL_TIMEx_BreakCallback
                         0x800'5509    0x2  Code  Wk  stm32f4xx_hal_tim_ex.o [1]
HAL_TIMEx_CommutCallback
                         0x800'550d    0x2  Code  Wk  stm32f4xx_hal_tim_ex.o [1]
HAL_TIMEx_MasterConfigSynchronization
                         0x800'5455   0x8c  Code  Gb  stm32f4xx_hal_tim_ex.o [1]
HAL_TIM_Base_Init        0x800'3ded   0x38  Code  Gb  stm32f4xx_hal_tim.o [1]
HAL_TIM_Base_MspInit     0x800'3d3d   0x34  Code  Gb  tim.o [1]
HAL_TIM_Encoder_Init     0x800'3eb9   0xa8  Code  Gb  stm32f4xx_hal_tim.o [1]
HAL_TIM_Encoder_MspInit
                         0x800'3cad   0x6a  Code  Gb  tim.o [1]
HAL_TIM_Encoder_Start    0x800'3f61   0x4a  Code  Gb  stm32f4xx_hal_tim.o [1]
HAL_TIM_IRQHandler       0x800'3fab  0x176  Code  Gb  stm32f4xx_hal_tim.o [1]
HAL_TIM_MspPostInit      0x800'3d71   0x50  Code  Gb  tim.o [1]
HAL_TIM_PWM_ConfigChannel
                         0x800'4121   0xfc  Code  Gb  stm32f4xx_hal_tim.o [1]
HAL_TIM_PWM_Init         0x800'3e25   0x38  Code  Gb  stm32f4xx_hal_tim.o [1]
HAL_TIM_PWM_MspInit      0x800'3d17   0x26  Code  Gb  tim.o [1]
HAL_TIM_PWM_Start        0x800'3e5d   0x54  Code  Gb  stm32f4xx_hal_tim.o [1]
HCD_HC_IN_IRQHandler     0x800'209b  0x55e  Code  Lc  stm32f4xx_hal_hcd.o [1]
HCD_HC_OUT_IRQHandler    0x800'25f9  0x478  Code  Lc  stm32f4xx_hal_hcd.o [1]
HCD_Port_IRQHandler      0x800'2b31   0xa8  Code  Lc  stm32f4xx_hal_hcd.o [1]
HCD_RXQLVL_IRQHandler    0x800'2a71   0xba  Code  Lc  stm32f4xx_hal_hcd.o [1]
HardFault_Handler        0x800'58e7    0x2  Code  Gb  stm32f4xx_it.o [1]
I2SEx_RxISR_I2S          0x800'5819   0x38  Code  Lc  stm32f4xx_hal_i2s_ex.o [1]
I2SEx_RxISR_I2SExt       0x800'5851   0x50  Code  Lc  stm32f4xx_hal_i2s_ex.o [1]
I2SEx_TxISR_I2S          0x800'5791   0x38  Code  Lc  stm32f4xx_hal_i2s_ex.o [1]
I2SEx_TxISR_I2SExt       0x800'57c9   0x50  Code  Lc  stm32f4xx_hal_i2s_ex.o [1]
I2S_IRQHandler           0x800'5305   0xbe  Code  Lc  stm32f4xx_hal_i2s.o [1]
I2S_Receive_IT           0x800'52d1   0x34  Code  Lc  stm32f4xx_hal_i2s.o [1]
I2S_Transmit_IT          0x800'529d   0x34  Code  Lc  stm32f4xx_hal_i2s.o [1]
MX_GPIO_Init             0x800'3711  0x1c0  Code  Gb  gpio.o [1]
MX_I2C1_Init             0x800'38d1   0x38  Code  Gb  i2c.o [1]
MX_I2S3_Init             0x800'398d   0x36  Code  Gb  i2s.o [1]
MX_SPI1_Init             0x800'3a7d   0x46  Code  Gb  spi.o [1]
MX_TIM1_Init             0x800'3b41   0x88  Code  Gb  tim.o [1]
MX_TIM3_Init             0x800'3bc9   0x98  Code  Gb  tim.o [1]
MX_TIM6_Init             0x800'3c61   0x4c  Code  Gb  tim.o [1]
MX_USB_OTG_FS_HCD_Init   0x800'2bd9   0x2c  Code  Gb  usb_otg.o [1]
MemManage_Handler        0x800'58e9    0x2  Code  Gb  stm32f4xx_it.o [1]
NMI_Handler              0x800'58e5    0x2  Code  Gb  stm32f4xx_it.o [1]
NVIC_EncodePriority      0x800'35ed   0x3c  Code  Lc  stm32f4xx_hal_cortex.o [1]
OTG_FS_IRQHandler        0x800'5907    0xa  Code  Gb  stm32f4xx_it.o [1]
PendSV_Handler           0x800'58f3    0x2  Code  Gb  stm32f4xx_it.o [1]
Region$$Table$$Base      0x800'599c          --   Gb  - Linker created -
Region$$Table$$Limit     0x800'59bc          --   Gb  - Linker created -
SVC_Handler              0x800'58ef    0x2  Code  Gb  stm32f4xx_it.o [1]
SysTick_Config           0x800'3629   0x2e  Code  Lc  stm32f4xx_hal_cortex.o [1]
SysTick_Handler          0x800'58f5    0x8  Code  Gb  stm32f4xx_it.o [1]
SystemClock_Config       0x800'3247   0xcc  Code  Gb  main.o [1]
SystemCoreClock         0x2000'0018    0x4  Data  Gb  system_stm32f4xx.o [1]
SystemInit               0x800'5a61   0x14  Code  Gb  system_stm32f4xx.o [1]
TIM6_DAC_IRQHandler      0x800'58fd    0xa  Code  Gb  stm32f4xx_it.o [1]
TIM_Base_SetConfig       0x800'422d   0xba  Code  Gb  stm32f4xx_hal_tim.o [1]
TIM_CCxChannelCmd        0x800'449d   0x26  Code  Gb  stm32f4xx_hal_tim.o [1]
TIM_OC1_SetConfig        0x800'42e7   0x64  Code  Lc  stm32f4xx_hal_tim.o [1]
TIM_OC2_SetConfig        0x800'434b   0x6e  Code  Gb  stm32f4xx_hal_tim.o [1]
TIM_OC3_SetConfig        0x800'43b9   0x6c  Code  Lc  stm32f4xx_hal_tim.o [1]
TIM_OC4_SetConfig        0x800'4425   0x4c  Code  Lc  stm32f4xx_hal_tim.o [1]
USB_CoreInit             0x800'2cb5   0x80  Code  Gb  stm32f4xx_ll_usb.o [1]
USB_CoreReset            0x800'2df3   0x32  Code  Lc  stm32f4xx_ll_usb.o [1]
USB_DisableGlobalInt     0x800'2d35    0xc  Code  Gb  stm32f4xx_ll_usb.o [1]
USB_DriveVbus            0x800'2f7f   0x4e  Code  Gb  stm32f4xx_ll_usb.o [1]
USB_FlushRxFifo          0x800'2d9b   0x1e  Code  Gb  stm32f4xx_ll_usb.o [1]
USB_FlushTxFifo          0x800'2d79   0x22  Code  Gb  stm32f4xx_ll_usb.o [1]
USB_GetMode              0x800'2deb    0x8  Code  Gb  stm32f4xx_ll_usb.o [1]
USB_HC_Halt              0x800'2fd7  0x162  Code  Gb  stm32f4xx_ll_usb.o [1]
USB_HC_ReadInterrupt     0x800'2fcd    0xa  Code  Gb  stm32f4xx_ll_usb.o [1]
USB_HostInit             0x800'2e2d  0x102  Code  Gb  stm32f4xx_ll_usb.o [1]
USB_InitFSLSPClkSel      0x800'2f31   0x4e  Code  Gb  stm32f4xx_ll_usb.o [1]
USB_ReadInterrupts       0x800'2de1    0xa  Code  Gb  stm32f4xx_ll_usb.o [1]
USB_ReadPacket           0x800'2dbd   0x24  Code  Gb  stm32f4xx_ll_usb.o [1]
USB_SetCurrentMode       0x800'2d41   0x38  Code  Gb  stm32f4xx_ll_usb.o [1]
UsageFault_Handler       0x800'58ed    0x2  Code  Gb  stm32f4xx_it.o [1]
Vm                      0x2000'02ec  0x190  Data  Lc  main.o [1]
_LitobFullNoMb           0x800'0f2d  0x10a  Code  Lc  xprintffull_nomb.o [2]
_PrintfFullNoMb          0x800'0189  0xd80  Code  Gb  xprintffull_nomb.o [2]
_Prout                   0x800'5a7d   0x16  Code  Gb  xprout.o [2]
_PutcharFullNoMb         0x800'109d   0x20  Code  Lc  xprintffull_nomb.o [2]
_PutcharsFullNoMb        0x800'10bd   0x2e  Code  Lc  xprintffull_nomb.o [2]
__NVIC_EnableIRQ         0x800'35ad   0x1c  Code  Lc  stm32f4xx_hal_cortex.o [1]
__NVIC_GetPriorityGrouping
                         0x800'35a3    0xa  Code  Lc  stm32f4xx_hal_cortex.o [1]
__NVIC_SetPriority       0x800'35c9   0x24  Code  Lc  stm32f4xx_hal_cortex.o [1]
__NVIC_SetPriorityGrouping
                         0x800'3589   0x1a  Code  Lc  stm32f4xx_hal_cortex.o [1]
__aeabi_cdcmple          0x800'136d         Code  Gb  DblCmpLe.o [3]
__aeabi_cdrcmple         0x800'139d         Code  Gb  DblCmpGe.o [3]
__aeabi_d2f              0x800'5559         Code  Gb  DblToFlt.o [3]
__aeabi_d2iz             0x800'1509         Code  Gb  DblToS32.o [3]
__aeabi_d2uiz            0x800'1895         Code  Gb  DblToU32.o [3]
__aeabi_ddiv             0x800'164d         Code  Gb  DblDiv.o [3]
__aeabi_dmul             0x800'18d9         Code  Gb  DblMul.o [3]
__aeabi_dsub             0x800'1569         Code  Gb  DblSub.o [3]
__aeabi_f2d              0x800'5511         Code  Gb  FltToDbl.o [3]
__aeabi_i2d              0x800'1545         Code  Gb  S32ToDbl.o [3]
__aeabi_ldiv0            0x800'1e21         Code  Gb  I64DivZer.o [4]
__aeabi_memcpy           0x800'1255         Code  Gb  ABImemcpy.o [4]
__aeabi_memcpy4          0x800'1275         Code  Gb  ABImemcpy.o [4]
__aeabi_memcpy8          0x800'1275         Code  Gb  ABImemcpy.o [4]
__aeabi_memset           0x800'4e1d         Code  Gb  ABImemset.o [4]
__aeabi_ui2d             0x800'18bd         Code  Gb  U32ToDbl.o [3]
__aeabi_uldivmod         0x800'1a7d         Code  Gb  I64DivMod.o [4]
__cmain                  0x800'5a2d         Code  Gb  cmain.o [4]
__dwrite                 0x800'59ed   0x1e  Code  Gb  dwrite.o [5]
__exit                   0x800'1e25   0x14  Code  Gb  exit.o [5]
__iar_Fail_s             0x800'1185   0x1c  Code  Gb  xfail_s.o [2]
__iar_Memchr             0x800'11fd         Code  Gb  memchr.o [4]
__iar_Memset             0x800'4e1d         Code  Gb  ABImemset.o [4]
__iar_Memset_word        0x800'4e25         Code  Gb  ABImemset.o [4]
__iar_Strchr             0x800'116d         Code  Gb  strchr.o [4]
__iar_close_ttio         0x800'1e39   0x2c  Code  Gb  iarttio.o [5]
__iar_dadd               0x800'1579         Code  Gb  DblSub.o [3]
__iar_data_init3         0x800'5931   0x28  Code  Gb  data_init.o [4]
__iar_dsub               0x800'1cb5         Code  Gb  DblAdd.o [3]
__iar_dsubStart          0x800'1cc7         Code  Gb  DblAdd.o [3]
__iar_frexp              0x800'1309         Code  Gb  frexp.o [3]
__iar_frexpl             0x800'1309         Code  Gb  frexp.o [3]
__iar_get_ttio           0x800'1e65   0x4c  Code  Gb  iarttio.o [5]
__iar_init_vfp           0x800'5959         Code  Gb  fpinit_M.o [3]
__iar_ldexp64            0x800'13cd         Code  Gb  ldexp.o [3]
__iar_lookup_ttioh       0x800'1ee3    0x4  Code  Gb  XShttio.o [2]
__iar_packbits_init_single3
                         0x800'58ab   0x38  Code  Gb  packbits_init_single.o [4]
__iar_program_start      0x800'5ac1         Code  Gb  cstartup_M.o [4]
__iar_scalbln64          0x800'13cd         Code  Gb  ldexp.o [3]
__iar_scalbn64           0x800'13cd         Code  Gb  ldexp.o [3]
__iar_sh_stdout          0x800'5a0b   0x20  Code  Gb  iarwstd.o [5]
__iar_sh_write           0x800'597b   0x22  Code  Gb  iarwrite.o [5]
__iar_softfp___iar_frexp64
                         0x800'12fd         Code  Gb  frexp.o [3]
__iar_softfp_frexp       0x800'12fd         Code  Gb  frexp.o [3]
__iar_softfp_frexpl      0x800'12fd         Code  Gb  frexp.o [3]
__iar_ttio_guard_lock    0x800'1eb5   0x1e  Code  Gb  XShttio.o [2]
__iar_ttio_guard_unlock
                         0x800'1ed3   0x10  Code  Gb  XShttio.o [2]
__iar_ttio_handles      0x2000'001c    0x8  Data  Lc  XShttio.o [2]
__iar_zero_init3         0x800'1133   0x3a  Code  Gb  zero_init3.o [4]
__low_level_init         0x800'5a4b    0x4  Code  Gb  low_level_init.o [2]
__vector_table           0x800'0000         Data  Gb  startup_stm32f407xx.o [1]
__write                  0x800'59dd   0x10  Code  Gb  write.o [5]
_call_main               0x800'5a39         Code  Gb  cmain.o [4]
_exit                    0x800'5a55         Code  Gb  cexit.o [4]
_main                    0x800'5a47         Code  Gb  cmain.o [4]
abort                    0x800'1cad    0x6  Code  Gb  abort.o [2]
calculate_encoder_data   0x800'44f9   0xcc  Code  Gb  tawan_encoder_drive.o [1]
collect_data             0x800'4689   0x2a  Code  Gb  tawan_encoder_drive.o [1]
drive1                  0x2000'0000   0x14  Data  Gb  main.o [1]
drv_set_dutycycle        0x800'45c5   0x9a  Code  Gb  tawan_encoder_drive.o [1]
encoder1                0x2000'0630    0xc  Data  Gb  main.o [1]
exit                     0x800'5a4f    0x4  Code  Gb  exit.o [2]
hhcd_USB_OTG_FS         0x2000'0028  0x2c4  Data  Gb  usb_otg.o [1]
hi2c1                   0x2000'04d4   0x54  Data  Gb  i2c.o [1]
hi2s3                   0x2000'0528   0x48  Data  Gb  i2s.o [1]
hspi1                   0x2000'047c   0x58  Data  Gb  spi.o [1]
htim1                   0x2000'0570   0x40  Data  Gb  tim.o [1]
htim3                   0x2000'05b0   0x40  Data  Gb  tim.o [1]
htim6                   0x2000'05f0   0x40  Data  Gb  tim.o [1]
ldexp                    0x800'13cd         Code  Gb  ldexp.o [3]
ldexpl                   0x800'13cd         Code  Gb  ldexp.o [3]
main                     0x800'3159   0xee  Code  Gb  main.o [1]
main{1}{2}::command_duty
                        0x2000'0648    0x1  Data  Lc  main.o [1]
main{1}{2}::count_test  0x2000'064b    0x1  Data  Lc  main.o [1]
main{1}{2}::flag_test   0x2000'064a    0x1  Data  Lc  main.o [1]
main{1}{2}::lastTick    0x2000'063c    0x4  Data  Lc  main.o [1]
main{1}{2}::prev_command_duty
                        0x2000'0649    0x1  Data  Lc  main.o [1]
memchr                   0x800'11fd         Code  Gb  memchr.o [4]
memset                   0x800'3359   0x14  Code  Gb  memset.o [4]
printf                   0x800'44c5   0x28  Code  Gb  printf.o [2]
putchar                  0x800'59bd   0x20  Code  Gb  putchar.o [2]
scalbln                  0x800'13cd         Code  Gb  ldexp.o [3]
scalblnl                 0x800'13cd         Code  Gb  ldexp.o [3]
scalbn                   0x800'13cd         Code  Gb  ldexp.o [3]
scalbnl                  0x800'13cd         Code  Gb  ldexp.o [3]
scale                    0x800'1037   0x46  Code  Lc  xprintffull_nomb.o [2]
sec_hand                0x2000'0644    0x4  Data  Lc  xfail_s.o [2]
strchr                   0x800'116d         Code  Gb  strchr.o [4]
strlen                   0x800'11c5         Code  Gb  strlen.o [4]
ttio_guard              0x2000'064c    0x1  Data  Lc  XShttio.o [2]
uwTick                  0x2000'0640    0x4  Data  Gb  stm32f4xx_hal.o [1]
uwTickFreq              0x2000'0024    0x1  Data  Gb  stm32f4xx_hal.o [1]
uwTickPrio              0x2000'0014    0x4  Data  Gb  stm32f4xx_hal.o [1]


[1] = C:\Users\mac\Documents\MASTER_DEGREE\Speed_PWM_profile_test\EWARM\Speed_PWM_profile_test\Obj
[2] = dl7M_tln.a
[3] = m7M_tls.a
[4] = rt7M_tl.a
[5] = shb_l.a

  23'498 bytes of readonly  code memory
     102 bytes of readonly  data memory
   2'634 bytes of readwrite data memory

Errors: none
Warnings: none
