###############################################################################
#
# IAR ELF Linker V8.40.1.212/W32 for ARM                  18/Mar/2021  09:21:24
# Copyright 2007-2019 IAR Systems AB.
#
#    Output file  =
#        C:\Users\mac\Documents\MASTER_DEGREE\Speed_control_test_FreeRTOS\EWARM\Speed_control_test_FreeRTOS\Exe\Speed_control_test_FreeRTOS.out
#    Map file     =
#        C:\Users\mac\Documents\MASTER_DEGREE\Speed_control_test_FreeRTOS\EWARM\Speed_control_test_FreeRTOS\List\Speed_control_test_FreeRTOS.map
#    Command line =
#        -f C:\Users\mac\AppData\Local\Temp\EW9D3D.tmp
#        (C:\Users\mac\Documents\MASTER_DEGREE\Speed_control_test_FreeRTOS\EWARM\Speed_control_test_FreeRTOS\Obj\cmsis_os2.o
#        C:\Users\mac\Documents\MASTER_DEGREE\Speed_control_test_FreeRTOS\EWARM\Speed_control_test_FreeRTOS\Obj\croutine.o
#        C:\Users\mac\Documents\MASTER_DEGREE\Speed_control_test_FreeRTOS\EWARM\Speed_control_test_FreeRTOS\Obj\event_groups.o
#        C:\Users\mac\Documents\MASTER_DEGREE\Speed_control_test_FreeRTOS\EWARM\Speed_control_test_FreeRTOS\Obj\freertos.o
#        C:\Users\mac\Documents\MASTER_DEGREE\Speed_control_test_FreeRTOS\EWARM\Speed_control_test_FreeRTOS\Obj\gpio.o
#        C:\Users\mac\Documents\MASTER_DEGREE\Speed_control_test_FreeRTOS\EWARM\Speed_control_test_FreeRTOS\Obj\heap_4.o
#        C:\Users\mac\Documents\MASTER_DEGREE\Speed_control_test_FreeRTOS\EWARM\Speed_control_test_FreeRTOS\Obj\i2c.o
#        C:\Users\mac\Documents\MASTER_DEGREE\Speed_control_test_FreeRTOS\EWARM\Speed_control_test_FreeRTOS\Obj\i2s.o
#        C:\Users\mac\Documents\MASTER_DEGREE\Speed_control_test_FreeRTOS\EWARM\Speed_control_test_FreeRTOS\Obj\list.o
#        C:\Users\mac\Documents\MASTER_DEGREE\Speed_control_test_FreeRTOS\EWARM\Speed_control_test_FreeRTOS\Obj\main.o
#        C:\Users\mac\Documents\MASTER_DEGREE\Speed_control_test_FreeRTOS\EWARM\Speed_control_test_FreeRTOS\Obj\port.o
#        C:\Users\mac\Documents\MASTER_DEGREE\Speed_control_test_FreeRTOS\EWARM\Speed_control_test_FreeRTOS\Obj\portasm.o
#        C:\Users\mac\Documents\MASTER_DEGREE\Speed_control_test_FreeRTOS\EWARM\Speed_control_test_FreeRTOS\Obj\queue.o
#        C:\Users\mac\Documents\MASTER_DEGREE\Speed_control_test_FreeRTOS\EWARM\Speed_control_test_FreeRTOS\Obj\spi.o
#        C:\Users\mac\Documents\MASTER_DEGREE\Speed_control_test_FreeRTOS\EWARM\Speed_control_test_FreeRTOS\Obj\startup_stm32f407xx.o
#        C:\Users\mac\Documents\MASTER_DEGREE\Speed_control_test_FreeRTOS\EWARM\Speed_control_test_FreeRTOS\Obj\stm32f4xx_hal.o
#        C:\Users\mac\Documents\MASTER_DEGREE\Speed_control_test_FreeRTOS\EWARM\Speed_control_test_FreeRTOS\Obj\stm32f4xx_hal_cortex.o
#        C:\Users\mac\Documents\MASTER_DEGREE\Speed_control_test_FreeRTOS\EWARM\Speed_control_test_FreeRTOS\Obj\stm32f4xx_hal_dma.o
#        C:\Users\mac\Documents\MASTER_DEGREE\Speed_control_test_FreeRTOS\EWARM\Speed_control_test_FreeRTOS\Obj\stm32f4xx_hal_dma_ex.o
#        C:\Users\mac\Documents\MASTER_DEGREE\Speed_control_test_FreeRTOS\EWARM\Speed_control_test_FreeRTOS\Obj\stm32f4xx_hal_exti.o
#        C:\Users\mac\Documents\MASTER_DEGREE\Speed_control_test_FreeRTOS\EWARM\Speed_control_test_FreeRTOS\Obj\stm32f4xx_hal_flash.o
#        C:\Users\mac\Documents\MASTER_DEGREE\Speed_control_test_FreeRTOS\EWARM\Speed_control_test_FreeRTOS\Obj\stm32f4xx_hal_flash_ex.o
#        C:\Users\mac\Documents\MASTER_DEGREE\Speed_control_test_FreeRTOS\EWARM\Speed_control_test_FreeRTOS\Obj\stm32f4xx_hal_flash_ramfunc.o
#        C:\Users\mac\Documents\MASTER_DEGREE\Speed_control_test_FreeRTOS\EWARM\Speed_control_test_FreeRTOS\Obj\stm32f4xx_hal_gpio.o
#        C:\Users\mac\Documents\MASTER_DEGREE\Speed_control_test_FreeRTOS\EWARM\Speed_control_test_FreeRTOS\Obj\stm32f4xx_hal_hcd.o
#        C:\Users\mac\Documents\MASTER_DEGREE\Speed_control_test_FreeRTOS\EWARM\Speed_control_test_FreeRTOS\Obj\stm32f4xx_hal_i2c.o
#        C:\Users\mac\Documents\MASTER_DEGREE\Speed_control_test_FreeRTOS\EWARM\Speed_control_test_FreeRTOS\Obj\stm32f4xx_hal_i2c_ex.o
#        C:\Users\mac\Documents\MASTER_DEGREE\Speed_control_test_FreeRTOS\EWARM\Speed_control_test_FreeRTOS\Obj\stm32f4xx_hal_i2s.o
#        C:\Users\mac\Documents\MASTER_DEGREE\Speed_control_test_FreeRTOS\EWARM\Speed_control_test_FreeRTOS\Obj\stm32f4xx_hal_i2s_ex.o
#        C:\Users\mac\Documents\MASTER_DEGREE\Speed_control_test_FreeRTOS\EWARM\Speed_control_test_FreeRTOS\Obj\stm32f4xx_hal_msp.o
#        C:\Users\mac\Documents\MASTER_DEGREE\Speed_control_test_FreeRTOS\EWARM\Speed_control_test_FreeRTOS\Obj\stm32f4xx_hal_pwr.o
#        C:\Users\mac\Documents\MASTER_DEGREE\Speed_control_test_FreeRTOS\EWARM\Speed_control_test_FreeRTOS\Obj\stm32f4xx_hal_pwr_ex.o
#        C:\Users\mac\Documents\MASTER_DEGREE\Speed_control_test_FreeRTOS\EWARM\Speed_control_test_FreeRTOS\Obj\stm32f4xx_hal_rcc.o
#        C:\Users\mac\Documents\MASTER_DEGREE\Speed_control_test_FreeRTOS\EWARM\Speed_control_test_FreeRTOS\Obj\stm32f4xx_hal_rcc_ex.o
#        C:\Users\mac\Documents\MASTER_DEGREE\Speed_control_test_FreeRTOS\EWARM\Speed_control_test_FreeRTOS\Obj\stm32f4xx_hal_spi.o
#        C:\Users\mac\Documents\MASTER_DEGREE\Speed_control_test_FreeRTOS\EWARM\Speed_control_test_FreeRTOS\Obj\stm32f4xx_hal_tim.o
#        C:\Users\mac\Documents\MASTER_DEGREE\Speed_control_test_FreeRTOS\EWARM\Speed_control_test_FreeRTOS\Obj\stm32f4xx_hal_tim_ex.o
#        C:\Users\mac\Documents\MASTER_DEGREE\Speed_control_test_FreeRTOS\EWARM\Speed_control_test_FreeRTOS\Obj\stm32f4xx_hal_timebase_tim.o
#        C:\Users\mac\Documents\MASTER_DEGREE\Speed_control_test_FreeRTOS\EWARM\Speed_control_test_FreeRTOS\Obj\stm32f4xx_it.o
#        C:\Users\mac\Documents\MASTER_DEGREE\Speed_control_test_FreeRTOS\EWARM\Speed_control_test_FreeRTOS\Obj\stm32f4xx_ll_usb.o
#        C:\Users\mac\Documents\MASTER_DEGREE\Speed_control_test_FreeRTOS\EWARM\Speed_control_test_FreeRTOS\Obj\stream_buffer.o
#        C:\Users\mac\Documents\MASTER_DEGREE\Speed_control_test_FreeRTOS\EWARM\Speed_control_test_FreeRTOS\Obj\system_stm32f4xx.o
#        C:\Users\mac\Documents\MASTER_DEGREE\Speed_control_test_FreeRTOS\EWARM\Speed_control_test_FreeRTOS\Obj\tasks.o
#        C:\Users\mac\Documents\MASTER_DEGREE\Speed_control_test_FreeRTOS\EWARM\Speed_control_test_FreeRTOS\Obj\tawan_joseph_encoder_drive.o
#        C:\Users\mac\Documents\MASTER_DEGREE\Speed_control_test_FreeRTOS\EWARM\Speed_control_test_FreeRTOS\Obj\tim.o
#        C:\Users\mac\Documents\MASTER_DEGREE\Speed_control_test_FreeRTOS\EWARM\Speed_control_test_FreeRTOS\Obj\timers.o
#        C:\Users\mac\Documents\MASTER_DEGREE\Speed_control_test_FreeRTOS\EWARM\Speed_control_test_FreeRTOS\Obj\usb_otg.o
#        --no_out_extension -o
#        C:\Users\mac\Documents\MASTER_DEGREE\Speed_control_test_FreeRTOS\EWARM\Speed_control_test_FreeRTOS\Exe\Speed_control_test_FreeRTOS.out
#        --redirect _Printf=_PrintfFullNoMb --redirect _Scanf=_ScanfFullNoMb
#        --map
#        C:\Users\mac\Documents\MASTER_DEGREE\Speed_control_test_FreeRTOS\EWARM\Speed_control_test_FreeRTOS\List\Speed_control_test_FreeRTOS.map
#        --config
#        C:\Users\mac\Documents\MASTER_DEGREE\Speed_control_test_FreeRTOS\EWARM/stm32f407xx_flash.icf
#        --semihosting --entry __iar_program_start --vfe --text_out locale)
#
###############################################################################

*******************************************************************************
*** RUNTIME MODEL ATTRIBUTES
***

CppFlavor       = *
__SystemLibrary = DLib
__dlib_version  = 6


*******************************************************************************
*** HEAP SELECTION
***

The basic heap was selected because no calls to memory allocation
functions were found in the application outside of system library
functions, and there are calls to deallocation functions in the
application.


*******************************************************************************
*** PLACEMENT SUMMARY
***

"A0":  place at address 0x800'0000 { ro section .intvec };
"P1":  place in [from 0x800'0000 to 0x80f'ffff] { ro };
define block CSTACK with size = 1K, alignment = 8 { };
define block HEAP with size = 512, alignment = 8 { };
"P2":  place in [from 0x2000'0000 to 0x2001'ffff] {
          rw, block CSTACK, block HEAP };
initialize by copy { rw };

  Section            Kind         Address    Size  Object
  -------            ----         -------    ----  ------
"A0":                                       0x188
  .intvec            ro code   0x800'0000   0x188  startup_stm32f407xx.o [1]
                             - 0x800'0188   0x188

"P1":                                      0x63f8
  .text              ro code   0x800'0188   0xce8  stm32f4xx_hal_hcd.o [1]
  .text              ro code   0x800'0e70    0xdc  usb_otg.o [1]
  .text              ro code   0x800'0f4c   0x498  stm32f4xx_ll_usb.o [1]
  .text              ro code   0x800'13e4    0xa6  ABImemcpy.o [4]
  .text              ro code   0x800'148a     0x2  stm32f4xx_hal_hcd.o [1]
  .text              ro code   0x800'148c     0x2  stm32f4xx_hal_hcd.o [1]
  .text              ro code   0x800'148e     0x2  stm32f4xx_hal_hcd.o [1]
  .text              ro code   0x800'1490     0x2  stm32f4xx_hal_hcd.o [1]
  .text              ro code   0x800'1492     0x2  stm32f4xx_hal_hcd.o [1]
  .text              ro code   0x800'1494     0x2  stm32f4xx_hal_hcd.o [1]
  .text              ro code   0x800'1496    0x3a  zero_init3.o [4]
  .text              ro code   0x800'14d0   0x120  main.o [1]
  .text              ro code   0x800'15f0    0x14  memset.o [4]
  .text              ro code   0x800'1604   0x21c  stm32f4xx_hal_gpio.o [1]
  .text              ro code   0x800'1820    0xe8  stm32f4xx_hal_cortex.o [1]
  .text              ro code   0x800'1908    0x28  stm32f4xx_hal.o [1]
  .text              ro code   0x800'1930    0x34  stm32f4xx_hal.o [1]
  .text              ro code   0x800'1964   0x1c0  gpio.o [1]
  .text              ro code   0x800'1b24    0xbc  i2c.o [1]
  .text              ro code   0x800'1be0    0xf0  i2s.o [1]
  .text              ro code   0x800'1cd0    0xc4  spi.o [1]
  .text              ro code   0x800'1d94   0x224  tim.o [1]
  .text              ro code   0x800'1fb8   0x2f8  cmsis_os2.o [1]
  .text              ro code   0x800'22b0   0x128  freertos.o [1]
  .text              ro code   0x800'23d8   0x3b4  stm32f4xx_hal_rcc.o [1]
  .text              ro code   0x800'278c   0x228  stm32f4xx_hal_rcc.o [1]
  .text              ro code   0x800'29b4   0x1c0  stm32f4xx_hal_rcc_ex.o [1]
  .text              ro code   0x800'2b74    0x18  stm32f4xx_hal.o [1]
  .text              ro code   0x800'2b8c    0x66  ABImemset.o [4]
  .text              ro code   0x800'2bf4     0xc  stm32f4xx_hal.o [1]
  .text              ro code   0x800'2c00    0x84  stm32f4xx_hal_timebase_tim.o [1]
  .text              ro code   0x800'2c84    0x48  stm32f4xx_hal_msp.o [1]
  .text              ro code   0x800'2ccc   0x1e8  stm32f4xx_hal_i2c.o [1]
  .text              ro code   0x800'2eb4   0x2c6  stm32f4xx_hal_i2s.o [1]
  .text              ro code   0x800'317c    0x8e  stm32f4xx_hal_spi.o [1]
  .text              ro code   0x800'320c   0x700  stm32f4xx_hal_tim.o [1]
  .text              ro code   0x800'390c    0xac  stm32f4xx_hal_tim_ex.o [1]
  .text              ro code   0x800'39b8   0x9d0  tasks.o [1]
  .text              ro code   0x800'4388   0x578  timers.o [1]
  .text              ro code   0x800'4900   0x260  heap_4.o [1]
  .text              ro code   0x800'4b60   0x24c  tawan_joseph_encoder_drive.o [1]
  .text              ro code   0x800'4dac   0x230  I64DivMod.o [4]
  .text              ro code   0x800'4fdc     0x2  stm32f4xx_hal_i2s.o [1]
  .text              ro code   0x800'4fde     0x2  stm32f4xx_hal_i2s.o [1]
  .text              ro code   0x800'4fe0     0x2  stm32f4xx_hal_i2s.o [1]
  .text              ro code   0x800'4fe2     0x2  stm32f4xx_hal_tim.o [1]
  .text              ro code   0x800'4fe4     0x2  stm32f4xx_hal_tim.o [1]
  .text              ro code   0x800'4fe6     0x2  stm32f4xx_hal_tim.o [1]
  .text              ro code   0x800'4fe8     0x2  stm32f4xx_hal_tim_ex.o [1]
  .text              ro code   0x800'4fea     0x2  stm32f4xx_hal_tim.o [1]
  .text              ro code   0x800'4fec     0x2  stm32f4xx_hal_tim_ex.o [1]
  .text              ro code   0x800'4fee    0x98  list.o [1]
  .text              ro code   0x800'5088   0x258  port.o [1]
  .text              ro code   0x800'52e0   0x6fa  queue.o [1]
  .text              ro code   0x800'59dc    0x48  FltToDbl.o [3]
  .text              ro code   0x800'5a24   0x246  DblDiv.o [3]
  .text              ro code   0x800'5c6c   0x1a2  DblMul.o [3]
  .text              ro code   0x800'5e10    0x68  DblToFlt.o [3]
  .text              ro code   0x800'5e78     0x2  I64DivZer.o [4]
  CODE               ro code   0x800'5e7c    0xb0  portasm.o [1]
  .text              ro code   0x800'5f2c   0x2e0  stm32f4xx_hal_i2s_ex.o [1]
  .text              ro code   0x800'620c     0x2  stm32f4xx_hal_i2s_ex.o [1]
  .text              ro code   0x800'620e    0x38  packbits_init_single.o [4]
  .text              ro code   0x800'6248    0x28  stm32f4xx_it.o [1]
  .text              ro code   0x800'6270    0x28  data_init.o [4]
  .rodata            const     0x800'6298    0x24  freertos.o [1]
  .rodata            const     0x800'62bc    0x24  freertos.o [1]
  .text              ro code   0x800'62e0    0x22  fpinit_M.o [3]
  .iar.init_table    const     0x800'6304    0x20  - Linker created -
  .text              ro code   0x800'6324    0x1e  cmain.o [4]
  .text              ro code   0x800'6342     0x4  low_level_init.o [2]
  .text              ro code   0x800'6346     0x4  exit.o [2]
  .text              ro code   0x800'634c     0xa  cexit.o [4]
  .text              ro code   0x800'6358    0x14  exit.o [5]
  .text              ro code   0x800'636c    0x1c  system_stm32f4xx.o [1]
  .rodata            const     0x800'6388    0x14  freertos.o [1]
  .rodata            const     0x800'639c    0x10  freertos.o [1]
  .rodata            const     0x800'63ac    0x10  freertos.o [1]
  .rodata            const     0x800'63bc    0x10  freertos.o [1]
  .rodata            const     0x800'63cc    0x10  system_stm32f4xx.o [1]
  .text              ro code   0x800'63dc    0x10  startup_stm32f407xx.o [1]
  .text              ro code   0x800'63ec     0xc  cstartup_M.o [4]
  .rodata            const     0x800'63f8     0x8  system_stm32f4xx.o [1]
  .rodata            const     0x800'6400     0x8  tasks.o [1]
  .rodata            const     0x800'6408     0x8  timers.o [1]
  .rodata            const     0x800'6410     0x8  timers.o [1]
  .rodata            const     0x800'6418     0x4  heap_4.o [1]
  .rodata            const     0x800'641c     0x4  port.o [1]
  .text              ro code   0x800'6420     0x4  startup_stm32f407xx.o [1]
  .text              ro code   0x800'6424     0x4  startup_stm32f407xx.o [1]
  .text              ro code   0x800'6428     0x4  startup_stm32f407xx.o [1]
  .text              ro code   0x800'642c     0x4  startup_stm32f407xx.o [1]
  .text              ro code   0x800'6430     0x4  startup_stm32f407xx.o [1]
  .text              ro code   0x800'6434     0x4  startup_stm32f407xx.o [1]
  .text              ro code   0x800'6438     0x4  startup_stm32f407xx.o [1]
  .text              ro code   0x800'643c     0x4  startup_stm32f407xx.o [1]
  .text              ro code   0x800'6440     0x4  startup_stm32f407xx.o [1]
  .text              ro code   0x800'6444     0x4  startup_stm32f407xx.o [1]
  .text              ro code   0x800'6448     0x4  startup_stm32f407xx.o [1]
  .text              ro code   0x800'644c     0x4  startup_stm32f407xx.o [1]
  .text              ro code   0x800'6450     0x4  startup_stm32f407xx.o [1]
  .text              ro code   0x800'6454     0x4  startup_stm32f407xx.o [1]
  .text              ro code   0x800'6458     0x4  startup_stm32f407xx.o [1]
  .text              ro code   0x800'645c     0x4  startup_stm32f407xx.o [1]
  .text              ro code   0x800'6460     0x4  startup_stm32f407xx.o [1]
  .text              ro code   0x800'6464     0x4  startup_stm32f407xx.o [1]
  .text              ro code   0x800'6468     0x4  startup_stm32f407xx.o [1]
  .text              ro code   0x800'646c     0x4  startup_stm32f407xx.o [1]
  .text              ro code   0x800'6470     0x4  startup_stm32f407xx.o [1]
  .text              ro code   0x800'6474     0x4  startup_stm32f407xx.o [1]
  .text              ro code   0x800'6478     0x4  startup_stm32f407xx.o [1]
  .text              ro code   0x800'647c     0x4  startup_stm32f407xx.o [1]
  .text              ro code   0x800'6480     0x4  startup_stm32f407xx.o [1]
  .text              ro code   0x800'6484     0x4  startup_stm32f407xx.o [1]
  .text              ro code   0x800'6488     0x4  startup_stm32f407xx.o [1]
  .text              ro code   0x800'648c     0x4  startup_stm32f407xx.o [1]
  .text              ro code   0x800'6490     0x4  startup_stm32f407xx.o [1]
  .text              ro code   0x800'6494     0x4  startup_stm32f407xx.o [1]
  .text              ro code   0x800'6498     0x4  startup_stm32f407xx.o [1]
  .text              ro code   0x800'649c     0x4  startup_stm32f407xx.o [1]
  .text              ro code   0x800'64a0     0x4  startup_stm32f407xx.o [1]
  .text              ro code   0x800'64a4     0x4  startup_stm32f407xx.o [1]
  .text              ro code   0x800'64a8     0x4  startup_stm32f407xx.o [1]
  .text              ro code   0x800'64ac     0x4  startup_stm32f407xx.o [1]
  .text              ro code   0x800'64b0     0x4  startup_stm32f407xx.o [1]
  .text              ro code   0x800'64b4     0x4  startup_stm32f407xx.o [1]
  .text              ro code   0x800'64b8     0x4  startup_stm32f407xx.o [1]
  .text              ro code   0x800'64bc     0x4  startup_stm32f407xx.o [1]
  .text              ro code   0x800'64c0     0x4  startup_stm32f407xx.o [1]
  .text              ro code   0x800'64c4     0x4  startup_stm32f407xx.o [1]
  .text              ro code   0x800'64c8     0x4  startup_stm32f407xx.o [1]
  .text              ro code   0x800'64cc     0x4  startup_stm32f407xx.o [1]
  .text              ro code   0x800'64d0     0x4  startup_stm32f407xx.o [1]
  .text              ro code   0x800'64d4     0x4  startup_stm32f407xx.o [1]
  .text              ro code   0x800'64d8     0x4  startup_stm32f407xx.o [1]
  .text              ro code   0x800'64dc     0x4  startup_stm32f407xx.o [1]
  .text              ro code   0x800'64e0     0x4  startup_stm32f407xx.o [1]
  .text              ro code   0x800'64e4     0x4  startup_stm32f407xx.o [1]
  .text              ro code   0x800'64e8     0x4  startup_stm32f407xx.o [1]
  .text              ro code   0x800'64ec     0x4  startup_stm32f407xx.o [1]
  .text              ro code   0x800'64f0     0x4  startup_stm32f407xx.o [1]
  .text              ro code   0x800'64f4     0x4  startup_stm32f407xx.o [1]
  .text              ro code   0x800'64f8     0x4  startup_stm32f407xx.o [1]
  .text              ro code   0x800'64fc     0x4  startup_stm32f407xx.o [1]
  .text              ro code   0x800'6500     0x4  startup_stm32f407xx.o [1]
  .text              ro code   0x800'6504     0x4  startup_stm32f407xx.o [1]
  .text              ro code   0x800'6508     0x4  startup_stm32f407xx.o [1]
  .text              ro code   0x800'650c     0x4  startup_stm32f407xx.o [1]
  .text              ro code   0x800'6510     0x4  startup_stm32f407xx.o [1]
  .text              ro code   0x800'6514     0x4  startup_stm32f407xx.o [1]
  .text              ro code   0x800'6518     0x4  startup_stm32f407xx.o [1]
  .text              ro code   0x800'651c     0x4  startup_stm32f407xx.o [1]
  .text              ro code   0x800'6520     0x4  startup_stm32f407xx.o [1]
  .text              ro code   0x800'6524     0x4  startup_stm32f407xx.o [1]
  .text              ro code   0x800'6528     0x4  startup_stm32f407xx.o [1]
  .text              ro code   0x800'652c     0x4  startup_stm32f407xx.o [1]
  .text              ro code   0x800'6530     0x4  startup_stm32f407xx.o [1]
  .text              ro code   0x800'6534     0x4  startup_stm32f407xx.o [1]
  .text              ro code   0x800'6538     0x4  startup_stm32f407xx.o [1]
  .text              ro code   0x800'653c     0x4  startup_stm32f407xx.o [1]
  .text              ro code   0x800'6540     0x4  startup_stm32f407xx.o [1]
  .text              ro code   0x800'6544     0x4  startup_stm32f407xx.o [1]
  .text              ro code   0x800'6548     0x4  startup_stm32f407xx.o [1]
  .text              ro code   0x800'654c     0x4  startup_stm32f407xx.o [1]
  .text              ro code   0x800'6550     0x4  startup_stm32f407xx.o [1]
  .text              ro code   0x800'6554     0x4  startup_stm32f407xx.o [1]
  .text              ro code   0x800'6558     0x4  startup_stm32f407xx.o [1]
  .rodata            const     0x800'655c     0x0  zero_init3.o [4]
  .rodata            const     0x800'655c     0x0  packbits_init_single.o [4]
  Initializer bytes  const     0x800'655c    0x24  <for P2-1>
                             - 0x800'6580  0x63f8

"P2", part 1 of 3:                           0x49
  P2-1                        0x2000'0000    0x49  <Init block>
    .data            inited   0x2000'0000    0x14  freertos.o [1]
    .data            inited   0x2000'0014    0x28  freertos.o [1]
    .data            inited   0x2000'003c     0x4  port.o [1]
    .data            inited   0x2000'0040     0x4  stm32f4xx_hal.o [1]
    .data            inited   0x2000'0044     0x4  system_stm32f4xx.o [1]
    .data            inited   0x2000'0048     0x1  stm32f4xx_hal.o [1]
                            - 0x2000'0049    0x49

"P2", part 2 of 3:                         0x4de8
  .bss               zero     0x2000'004c  0x3c00  heap_4.o [1]
  .bss               zero     0x2000'3c4c   0x460  tasks.o [1]
  .bss               zero     0x2000'40ac   0x400  cmsis_os2.o [1]
  .bss               zero     0x2000'44ac   0x2c4  usb_otg.o [1]
  .bss               zero     0x2000'4770   0x200  cmsis_os2.o [1]
  .bss               zero     0x2000'4970    0xa0  timers.o [1]
  .bss               zero     0x2000'4a10    0x5c  cmsis_os2.o [1]
  .bss               zero     0x2000'4a6c    0x5c  cmsis_os2.o [1]
  .bss               zero     0x2000'4ac8    0x58  spi.o [1]
  .bss               zero     0x2000'4b20    0x54  i2c.o [1]
  .bss               zero     0x2000'4b74    0x50  timers.o [1]
  .bss               zero     0x2000'4bc4    0x48  i2s.o [1]
  .bss               zero     0x2000'4c0c    0x40  queue.o [1]
  .bss               zero     0x2000'4c4c    0x40  stm32f4xx_hal_timebase_tim.o [1]
  .bss               zero     0x2000'4c8c    0x40  tim.o [1]
  .bss               zero     0x2000'4ccc    0x40  tim.o [1]
  .bss               zero     0x2000'4d0c    0x14  tasks.o [1]
  .bss               zero     0x2000'4d20    0x14  tasks.o [1]
  .bss               zero     0x2000'4d34    0x14  tasks.o [1]
  .bss               zero     0x2000'4d48    0x14  tasks.o [1]
  .bss               zero     0x2000'4d5c    0x14  tasks.o [1]
  .bss               zero     0x2000'4d70    0x14  timers.o [1]
  .bss               zero     0x2000'4d84    0x14  timers.o [1]
  .bss               zero     0x2000'4d98     0xc  freertos.o [1]
  .bss               zero     0x2000'4da4     0x8  heap_4.o [1]
  .bss               zero     0x2000'4dac     0x4  cmsis_os2.o [1]
  .bss               zero     0x2000'4db0     0x4  freertos.o [1]
  .bss               zero     0x2000'4db4     0x4  freertos.o [1]
  .bss               zero     0x2000'4db8     0x4  freertos.o [1]
  .bss               zero     0x2000'4dbc     0x4  freertos.o [1]
  .bss               zero     0x2000'4dc0     0x4  freertos.o [1]
  .bss               zero     0x2000'4dc4     0x4  freertos.o [1]
  .bss               zero     0x2000'4dc8     0x4  heap_4.o [1]
  .bss               zero     0x2000'4dcc     0x4  heap_4.o [1]
  .bss               zero     0x2000'4dd0     0x4  heap_4.o [1]
  .bss               zero     0x2000'4dd4     0x4  heap_4.o [1]
  .bss               zero     0x2000'4dd8     0x4  port.o [1]
  .bss               zero     0x2000'4ddc     0x4  stm32f4xx_hal.o [1]
  .bss               zero     0x2000'4de0     0x4  tasks.o [1]
  .bss               zero     0x2000'4de4     0x4  tasks.o [1]
  .bss               zero     0x2000'4de8     0x4  tasks.o [1]
  .bss               zero     0x2000'4dec     0x4  tasks.o [1]
  .bss               zero     0x2000'4df0     0x4  tasks.o [1]
  .bss               zero     0x2000'4df4     0x4  tasks.o [1]
  .bss               zero     0x2000'4df8     0x4  tasks.o [1]
  .bss               zero     0x2000'4dfc     0x4  tasks.o [1]
  .bss               zero     0x2000'4e00     0x4  tasks.o [1]
  .bss               zero     0x2000'4e04     0x4  tasks.o [1]
  .bss               zero     0x2000'4e08     0x4  tasks.o [1]
  .bss               zero     0x2000'4e0c     0x4  tasks.o [1]
  .bss               zero     0x2000'4e10     0x4  tasks.o [1]
  .bss               zero     0x2000'4e14     0x4  tasks.o [1]
  .bss               zero     0x2000'4e18     0x4  tasks.o [1]
  .bss               zero     0x2000'4e1c     0x4  timers.o [1]
  .bss               zero     0x2000'4e20     0x4  timers.o [1]
  .bss               zero     0x2000'4e24     0x4  timers.o [1]
  .bss               zero     0x2000'4e28     0x4  timers.o [1]
  .bss               zero     0x2000'4e2c     0x4  timers.o [1]
  .bss               zero     0x2000'4e30     0x1  freertos.o [1]
  .bss               zero     0x2000'4e31     0x1  port.o [1]
                            - 0x2000'4e32  0x4de6

"P2", part 3 of 3:                          0x400
  CSTACK                      0x2000'4e38   0x400  <Block>
    CSTACK           uninit   0x2000'4e38   0x400  <Block tail>
                            - 0x2000'5238   0x400

Unused ranges:

         From           To      Size
         ----           --      ----
   0x800'6580   0x80f'ffff  0xf'9a80
  0x2000'0049  0x2000'004b       0x3
  0x2000'4e34  0x2000'4e37       0x4
  0x2000'5238  0x2001'ffff  0x1'adc8


*******************************************************************************
*** INIT TABLE
***

          Address      Size
          -------      ----
Zero (__iar_zero_init3)
    1 destination range, total size 0x4de6:
          0x2000'004c  0x4de6

Copy/packbits (__iar_packbits_init_single3)
    1 source range, total size 0x24 (49% of destination):
           0x800'655c    0x24
    1 destination range, total size 0x49:
          0x2000'0000    0x49



*******************************************************************************
*** MODULE SUMMARY
***

    Module                        ro code  ro data  rw data
    ------                        -------  -------  -------
command line/config:
    -------------------------------------------------------
    Total:

C:\Users\mac\Documents\MASTER_DEGREE\Speed_control_test_FreeRTOS\EWARM\Speed_control_test_FreeRTOS\Obj: [1]
    cmsis_os2.o                       760             1'724
    freertos.o                        296      169       97
    gpio.o                            448
    heap_4.o                          608        4   15'384
    i2c.o                             188                84
    i2s.o                             240                72
    list.o                            152
    main.o                            288
    port.o                            600        6        9
    portasm.o                         176
    queue.o                         1'786                64
    spi.o                             196                88
    startup_stm32f407xx.o             724
    stm32f4xx_hal.o                   128        3        9
    stm32f4xx_hal_cortex.o            232
    stm32f4xx_hal_gpio.o              540
    stm32f4xx_hal_hcd.o             3'316
    stm32f4xx_hal_i2c.o               488
    stm32f4xx_hal_i2s.o               716
    stm32f4xx_hal_i2s_ex.o            738
    stm32f4xx_hal_msp.o                72
    stm32f4xx_hal_rcc.o             1'500
    stm32f4xx_hal_rcc_ex.o            448
    stm32f4xx_hal_spi.o               142
    stm32f4xx_hal_tim.o             1'800
    stm32f4xx_hal_tim_ex.o            176
    stm32f4xx_hal_timebase_tim.o      132                64
    stm32f4xx_it.o                     40
    stm32f4xx_ll_usb.o              1'176
    system_stm32f4xx.o                 28       26        4
    tasks.o                         2'512        8    1'280
    tawan_joseph_encoder_drive.o      588
    tim.o                             548               128
    timers.o                        1'400       16      300
    usb_otg.o                         220               708
    -------------------------------------------------------
    Total:                         23'402      232   20'015

dl7M_tlf.a: [2]
    exit.o                              4
    low_level_init.o                    4
    -------------------------------------------------------
    Total:                              8

m7M_tls.a: [3]
    DblDiv.o                          582
    DblMul.o                          418
    DblToFlt.o                        104
    FltToDbl.o                         72
    fpinit_M.o                         34
    -------------------------------------------------------
    Total:                          1'210

rt7M_tl.a: [4]
    ABImemcpy.o                       166
    ABImemset.o                       102
    I64DivMod.o                       560
    I64DivZer.o                         2
    cexit.o                            10
    cmain.o                            30
    cstartup_M.o                       12
    data_init.o                        40
    memset.o                           20
    packbits_init_single.o             56
    zero_init3.o                       58
    -------------------------------------------------------
    Total:                          1'056

shb_l.a: [5]
    exit.o                             20
    -------------------------------------------------------
    Total:                             20

    Gaps                               22        2
    Linker created                              32    1'024
-----------------------------------------------------------
    Grand Total:                   25'718      266   21'039


*******************************************************************************
*** ENTRY LIST
***

Entry                       Address    Size  Type      Object
-----                       -------    ----  ----      ------
.iar.init_table$$Base    0x800'6304           --   Gb  - Linker created -
.iar.init_table$$Limit   0x800'6324           --   Gb  - Linker created -
?main                    0x800'6325          Code  Gb  cmain.o [4]
AHBPrescTable            0x800'63cc    0x10  Data  Gb  system_stm32f4xx.o [1]
APBPrescTable            0x800'63f8     0x8  Data  Gb  system_stm32f4xx.o [1]
BusFault_Handler         0x800'624f     0x2  Code  Gb  stm32f4xx_it.o [1]
CSTACK$$Base            0x2000'4e38           --   Gb  - Linker created -
CSTACK$$Limit           0x2000'5238           --   Gb  - Linker created -
Callback01_motorC        0x800'2321    0x74  Code  Gb  freertos.o [1]
Callback01_motorC::control_duty
                        0x2000'4dc4     0x4  Data  Lc  freertos.o [1]
Callback01_motorC::control_speed
                        0x2000'4dc0     0x4  Data  Lc  freertos.o [1]
Callback01_motorC::enable_prev
                        0x2000'4e30     0x1  Data  Lc  freertos.o [1]
Callback01_motorC::set_speed
                        0x2000'4dbc     0x4  Data  Lc  freertos.o [1]
DebugMon_Handler         0x800'6253     0x2  Code  Gb  stm32f4xx_it.o [1]
Error_Handler            0x800'15ed     0x4  Code  Gb  main.o [1]
HAL_Delay                0x800'1909    0x28  Code  Wk  stm32f4xx_hal.o [1]
HAL_GPIO_Init            0x800'1605   0x1d0  Code  Gb  stm32f4xx_hal_gpio.o [1]
HAL_GPIO_WritePin        0x800'17d5    0x14  Code  Gb  stm32f4xx_hal_gpio.o [1]
HAL_GetTick              0x800'2bf5     0xc  Code  Wk  stm32f4xx_hal.o [1]
HAL_HCD_IRQHandler       0x800'01ff   0x134  Code  Gb  stm32f4xx_hal_hcd.o [1]
HAL_HCD_Init             0x800'0189    0x76  Code  Gb  stm32f4xx_hal_hcd.o [1]
HAL_HCD_MspInit          0x800'0e9d    0x9c  Code  Gb  usb_otg.o [1]
HAL_I2C_Init             0x800'2ccd   0x1d0  Code  Gb  stm32f4xx_hal_i2c.o [1]
HAL_I2C_MspInit          0x800'1b5d    0x6a  Code  Gb  i2c.o [1]
HAL_I2SEx_FullDuplex_IRQHandler
                         0x800'5f2d   0x1c6  Code  Gb  stm32f4xx_hal_i2s_ex.o [1]
HAL_I2S_ErrorCallback    0x800'4fe1     0x2  Code  Wk  stm32f4xx_hal_i2s.o [1]
HAL_I2S_Init             0x800'2eb5   0x18e  Code  Gb  stm32f4xx_hal_i2s.o [1]
HAL_I2S_MspInit          0x800'1c17    0x9c  Code  Gb  i2s.o [1]
HAL_IncTick              0x800'2b75    0x18  Code  Wk  stm32f4xx_hal.o [1]
HAL_Init                 0x800'1931    0x30  Code  Gb  stm32f4xx_hal.o [1]
HAL_InitTick             0x800'2c01    0x74  Code  Gb  stm32f4xx_hal_timebase_tim.o [1]
HAL_MspInit              0x800'2c85    0x48  Code  Gb  stm32f4xx_hal_msp.o [1]
HAL_NVIC_EnableIRQ       0x800'18eb     0xa  Code  Gb  stm32f4xx_hal_cortex.o [1]
HAL_NVIC_SetPriority     0x800'18c9    0x22  Code  Gb  stm32f4xx_hal_cortex.o [1]
HAL_NVIC_SetPriorityGrouping
                         0x800'18c1     0x8  Code  Gb  stm32f4xx_hal_cortex.o [1]
HAL_RCCEx_GetPeriphCLKFreq
                         0x800'2ae1    0x5e  Code  Gb  stm32f4xx_hal_rcc_ex.o [1]
HAL_RCCEx_PeriphCLKConfig
                         0x800'29b5   0x12c  Code  Gb  stm32f4xx_hal_rcc_ex.o [1]
HAL_RCC_ClockConfig      0x800'278d   0x13a  Code  Gb  stm32f4xx_hal_rcc.o [1]
HAL_RCC_GetClockConfig   0x800'28e3    0x34  Code  Gb  stm32f4xx_hal_rcc.o [1]
HAL_RCC_GetHCLKFreq      0x800'28c7     0x6  Code  Gb  stm32f4xx_hal_rcc.o [1]
HAL_RCC_GetPCLK1Freq     0x800'28cd    0x16  Code  Gb  stm32f4xx_hal_rcc.o [1]
HAL_RCC_OscConfig        0x800'23d9   0x3b4  Code  Wk  stm32f4xx_hal_rcc.o [1]
HAL_SPI_Init             0x800'317d    0x8e  Code  Gb  stm32f4xx_hal_spi.o [1]
HAL_SPI_MspInit          0x800'1d17    0x68  Code  Gb  spi.o [1]
HAL_TIMEx_BreakCallback
                         0x800'4fe9     0x2  Code  Wk  stm32f4xx_hal_tim_ex.o [1]
HAL_TIMEx_CommutCallback
                         0x800'4fed     0x2  Code  Wk  stm32f4xx_hal_tim_ex.o [1]
HAL_TIMEx_MasterConfigSynchronization
                         0x800'390d    0x8c  Code  Gb  stm32f4xx_hal_tim_ex.o [1]
HAL_TIM_Base_Init        0x800'320d    0x38  Code  Gb  stm32f4xx_hal_tim.o [1]
HAL_TIM_Base_Start_IT    0x800'3245    0x28  Code  Gb  stm32f4xx_hal_tim.o [1]
HAL_TIM_Encoder_Init     0x800'3301    0xa8  Code  Gb  stm32f4xx_hal_tim.o [1]
HAL_TIM_Encoder_MspInit
                         0x800'1eb5    0x6a  Code  Gb  tim.o [1]
HAL_TIM_Encoder_Start    0x800'33a9    0x4a  Code  Gb  stm32f4xx_hal_tim.o [1]
HAL_TIM_IRQHandler       0x800'33f3   0x176  Code  Gb  stm32f4xx_hal_tim.o [1]
HAL_TIM_MspPostInit      0x800'1f45    0x50  Code  Gb  tim.o [1]
HAL_TIM_PWM_ConfigChannel
                         0x800'3569    0xfc  Code  Gb  stm32f4xx_hal_tim.o [1]
HAL_TIM_PWM_Init         0x800'326d    0x38  Code  Gb  stm32f4xx_hal_tim.o [1]
HAL_TIM_PWM_MspInit      0x800'1f1f    0x26  Code  Gb  tim.o [1]
HAL_TIM_PWM_Start        0x800'32a5    0x54  Code  Gb  stm32f4xx_hal_tim.o [1]
HAL_TIM_PeriodElapsedCallback
                         0x800'15d1    0x10  Code  Gb  main.o [1]
HCD_HC_IN_IRQHandler     0x800'0333   0x55e  Code  Lc  stm32f4xx_hal_hcd.o [1]
HCD_HC_OUT_IRQHandler    0x800'0891   0x478  Code  Lc  stm32f4xx_hal_hcd.o [1]
HCD_Port_IRQHandler      0x800'0dc9    0xa8  Code  Lc  stm32f4xx_hal_hcd.o [1]
HCD_RXQLVL_IRQHandler    0x800'0d09    0xba  Code  Lc  stm32f4xx_hal_hcd.o [1]
HardFault_Handler        0x800'624b     0x2  Code  Gb  stm32f4xx_it.o [1]
I2SEx_RxISR_I2S          0x800'617d    0x38  Code  Lc  stm32f4xx_hal_i2s_ex.o [1]
I2SEx_RxISR_I2SExt       0x800'61b5    0x50  Code  Lc  stm32f4xx_hal_i2s_ex.o [1]
I2SEx_TxISR_I2S          0x800'60f5    0x38  Code  Lc  stm32f4xx_hal_i2s_ex.o [1]
I2SEx_TxISR_I2SExt       0x800'612d    0x50  Code  Lc  stm32f4xx_hal_i2s_ex.o [1]
I2S_IRQHandler           0x800'30bd    0xbe  Code  Lc  stm32f4xx_hal_i2s.o [1]
I2S_Receive_IT           0x800'3089    0x34  Code  Lc  stm32f4xx_hal_i2s.o [1]
I2S_Transmit_IT          0x800'3055    0x34  Code  Lc  stm32f4xx_hal_i2s.o [1]
Idle_Stack              0x2000'4770   0x200  Data  Lc  cmsis_os2.o [1]
Idle_TCB                0x2000'4a10    0x5c  Data  Lc  cmsis_os2.o [1]
KernelState             0x2000'4dac     0x4  Data  Lc  cmsis_os2.o [1]
MX_FREERTOS_Init         0x800'22b1    0x50  Code  Gb  freertos.o [1]
MX_GPIO_Init             0x800'1965   0x1c0  Code  Gb  gpio.o [1]
MX_I2C1_Init             0x800'1b25    0x38  Code  Gb  i2c.o [1]
MX_I2S3_Init             0x800'1be1    0x36  Code  Gb  i2s.o [1]
MX_SPI1_Init             0x800'1cd1    0x46  Code  Gb  spi.o [1]
MX_TIM1_Init             0x800'1d95    0x88  Code  Gb  tim.o [1]
MX_TIM3_Init             0x800'1e1d    0x98  Code  Gb  tim.o [1]
MX_USB_OTG_FS_HCD_Init   0x800'0e71    0x2c  Code  Gb  usb_otg.o [1]
MemManage_Handler        0x800'624d     0x2  Code  Gb  stm32f4xx_it.o [1]
NMI_Handler              0x800'6249     0x2  Code  Gb  stm32f4xx_it.o [1]
NVIC_EncodePriority      0x800'1885    0x3c  Code  Lc  stm32f4xx_hal_cortex.o [1]
OTG_FS_IRQHandler        0x800'625f     0xa  Code  Gb  stm32f4xx_it.o [1]
PendSV_Handler           0x800'5e7d          Code  Gb  portasm.o [1]
Region$$Table$$Base      0x800'6304           --   Gb  - Linker created -
Region$$Table$$Limit     0x800'6324           --   Gb  - Linker created -
SVC_Handler              0x800'5ed5          Code  Gb  portasm.o [1]
SVC_Setup                0x800'1fb9     0x2  Code  Lc  cmsis_os2.o [1]
StartTask01_motorC       0x800'230d    0x14  Code  Gb  freertos.o [1]
StartTask02_leds         0x800'2301     0xa  Code  Gb  freertos.o [1]
SysTick_Handler          0x800'5209    0x28  Code  Gb  port.o [1]
SystemClock_Config       0x800'1505    0xcc  Code  Gb  main.o [1]
SystemCoreClock         0x2000'0044     0x4  Data  Gb  system_stm32f4xx.o [1]
SystemInit               0x800'636d    0x14  Code  Gb  system_stm32f4xx.o [1]
TIM6_DAC_IRQHandler      0x800'6255     0xa  Code  Gb  stm32f4xx_it.o [1]
TIM_Base_SetConfig       0x800'3675    0xba  Code  Gb  stm32f4xx_hal_tim.o [1]
TIM_CCxChannelCmd        0x800'38e5    0x26  Code  Gb  stm32f4xx_hal_tim.o [1]
TIM_OC1_SetConfig        0x800'372f    0x64  Code  Lc  stm32f4xx_hal_tim.o [1]
TIM_OC2_SetConfig        0x800'3793    0x6e  Code  Gb  stm32f4xx_hal_tim.o [1]
TIM_OC3_SetConfig        0x800'3801    0x6c  Code  Lc  stm32f4xx_hal_tim.o [1]
TIM_OC4_SetConfig        0x800'386d    0x4c  Code  Lc  stm32f4xx_hal_tim.o [1]
TimerCallback            0x800'215b    0x14  Code  Lc  cmsis_os2.o [1]
Timer_Stack             0x2000'40ac   0x400  Data  Lc  cmsis_os2.o [1]
Timer_TCB               0x2000'4a6c    0x5c  Data  Lc  cmsis_os2.o [1]
USB_CoreInit             0x800'0f4d    0x80  Code  Gb  stm32f4xx_ll_usb.o [1]
USB_CoreReset            0x800'108b    0x32  Code  Lc  stm32f4xx_ll_usb.o [1]
USB_DisableGlobalInt     0x800'0fcd     0xc  Code  Gb  stm32f4xx_ll_usb.o [1]
USB_DriveVbus            0x800'1217    0x4e  Code  Gb  stm32f4xx_ll_usb.o [1]
USB_FlushRxFifo          0x800'1033    0x1e  Code  Gb  stm32f4xx_ll_usb.o [1]
USB_FlushTxFifo          0x800'1011    0x22  Code  Gb  stm32f4xx_ll_usb.o [1]
USB_GetMode              0x800'1083     0x8  Code  Gb  stm32f4xx_ll_usb.o [1]
USB_HC_Halt              0x800'126f   0x162  Code  Gb  stm32f4xx_ll_usb.o [1]
USB_HC_ReadInterrupt     0x800'1265     0xa  Code  Gb  stm32f4xx_ll_usb.o [1]
USB_HostInit             0x800'10c5   0x102  Code  Gb  stm32f4xx_ll_usb.o [1]
USB_InitFSLSPClkSel      0x800'11c9    0x4e  Code  Gb  stm32f4xx_ll_usb.o [1]
USB_ReadInterrupts       0x800'1079     0xa  Code  Gb  stm32f4xx_ll_usb.o [1]
USB_ReadPacket           0x800'1055    0x24  Code  Gb  stm32f4xx_ll_usb.o [1]
USB_SetCurrentMode       0x800'0fd9    0x38  Code  Gb  stm32f4xx_ll_usb.o [1]
UsageFault_Handler       0x800'6251     0x2  Code  Gb  stm32f4xx_it.o [1]
__NVIC_EnableIRQ         0x800'1845    0x1c  Code  Lc  stm32f4xx_hal_cortex.o [1]
__NVIC_GetPriorityGrouping
                         0x800'183b     0xa  Code  Lc  stm32f4xx_hal_cortex.o [1]
__NVIC_SetPriority       0x800'1861    0x24  Code  Lc  stm32f4xx_hal_cortex.o [1]
__NVIC_SetPriorityGrouping
                         0x800'1821    0x1a  Code  Lc  stm32f4xx_hal_cortex.o [1]
__aeabi_d2f              0x800'5e11          Code  Gb  DblToFlt.o [3]
__aeabi_ddiv             0x800'5a25          Code  Gb  DblDiv.o [3]
__aeabi_dmul             0x800'5c6d          Code  Gb  DblMul.o [3]
__aeabi_f2d              0x800'59dd          Code  Gb  FltToDbl.o [3]
__aeabi_ldiv0            0x800'5e79          Code  Gb  I64DivZer.o [4]
__aeabi_memcpy           0x800'13e5          Code  Gb  ABImemcpy.o [4]
__aeabi_memcpy4          0x800'1405          Code  Gb  ABImemcpy.o [4]
__aeabi_memcpy8          0x800'1405          Code  Gb  ABImemcpy.o [4]
__aeabi_memset           0x800'2b8d          Code  Gb  ABImemset.o [4]
__aeabi_uldivmod         0x800'4dad          Code  Gb  I64DivMod.o [4]
__cmain                  0x800'6325          Code  Gb  cmain.o [4]
__exit                   0x800'6359    0x14  Code  Gb  exit.o [5]
__iar_Memset             0x800'2b8d          Code  Gb  ABImemset.o [4]
__iar_Memset_word        0x800'2b95          Code  Gb  ABImemset.o [4]
__iar_data_init3         0x800'6271    0x28  Code  Gb  data_init.o [4]
__iar_init_vfp           0x800'62e1          Code  Gb  fpinit_M.o [3]
__iar_packbits_init_single3
                         0x800'620f    0x38  Code  Gb  packbits_init_single.o [4]
__iar_program_start      0x800'63ed          Code  Gb  cstartup_M.o [4]
__iar_zero_init3         0x800'1497    0x3a  Code  Gb  zero_init3.o [4]
__low_level_init         0x800'6343     0x4  Code  Gb  low_level_init.o [2]
__vector_table           0x800'0000          Data  Gb  startup_stm32f407xx.o [1]
_call_main               0x800'6331          Code  Gb  cmain.o [4]
_exit                    0x800'634d          Code  Gb  cexit.o [4]
_main                    0x800'633f          Code  Gb  cmain.o [4]
calculate_encoder_data   0x800'4b61    0xcc  Code  Gb  tawan_joseph_encoder_drive.o [1]
controller1             0x2000'0014    0x28  Data  Gb  freertos.o [1]
ctrlSpeed_to_dutyCycle   0x800'4d6d    0x12  Code  Gb  tawan_joseph_encoder_drive.o [1]
drive1                  0x2000'0000    0x14  Data  Gb  freertos.o [1]
drv_set_disable          0x800'4cd7    0x10  Code  Gb  tawan_joseph_encoder_drive.o [1]
drv_set_dutycycle        0x800'4c2d    0x9a  Code  Gb  tawan_joseph_encoder_drive.o [1]
drv_set_enable           0x800'4cc7    0x10  Code  Gb  tawan_joseph_encoder_drive.o [1]
encoder1                0x2000'4d98     0xc  Data  Gb  freertos.o [1]
exit                     0x800'6347     0x4  Code  Gb  exit.o [2]
hhcd_USB_OTG_FS         0x2000'44ac   0x2c4  Data  Gb  usb_otg.o [1]
hi2c1                   0x2000'4b20    0x54  Data  Gb  i2c.o [1]
hi2s3                   0x2000'4bc4    0x48  Data  Gb  i2s.o [1]
hspi1                   0x2000'4ac8    0x58  Data  Gb  spi.o [1]
htim1                   0x2000'4c8c    0x40  Data  Gb  tim.o [1]
htim3                   0x2000'4ccc    0x40  Data  Gb  tim.o [1]
htim6                   0x2000'4c4c    0x40  Data  Gb  stm32f4xx_hal_timebase_tim.o [1]
main                     0x800'14d1    0x34  Code  Gb  main.o [1]
memset                   0x800'15f1    0x14  Code  Gb  memset.o [4]
myTask01_motorCHandle   0x2000'4db4     0x4  Data  Gb  freertos.o [1]
myTask01_motorC_attributes
                         0x800'62bc    0x24  Data  Gb  freertos.o [1]
myTask02_ledsHandle     0x2000'4db0     0x4  Data  Gb  freertos.o [1]
myTask02_leds_attributes
                         0x800'6298    0x24  Data  Gb  freertos.o [1]
myTimer01_motorCHandle  0x2000'4db8     0x4  Data  Gb  freertos.o [1]
myTimer01_motorC_attributes
                         0x800'63bc    0x10  Data  Gb  freertos.o [1]
osDelay                  0x800'2123    0x38  Code  Gb  cmsis_os2.o [1]
osKernelInitialize       0x800'1fbb    0x40  Code  Gb  cmsis_os2.o [1]
osKernelStart            0x800'1ffb    0x4a  Code  Gb  cmsis_os2.o [1]
osThreadNew              0x800'2045    0xde  Code  Gb  cmsis_os2.o [1]
osTimerNew               0x800'216f    0xb6  Code  Gb  cmsis_os2.o [1]
osTimerStart             0x800'2225    0x50  Code  Gb  cmsis_os2.o [1]
pcInterruptPriorityRegisters
                         0x800'641c     0x4  Data  Lc  port.o [1]
prvAddCurrentTaskToDelayedList
                         0x800'42f1    0x5a  Code  Lc  tasks.o [1]
prvAddNewTaskToReadyList
                         0x800'3b71    0x9e  Code  Lc  tasks.o [1]
prvCheckForValidListAndQueue
                         0x800'485f    0x4c  Code  Lc  timers.o [1]
prvCheckForValidListAndQueue{1}{2}{3}{4}::ucStaticTimerQueueStorage
                        0x2000'4970    0xa0  Data  Lc  timers.o [1]
prvCheckForValidListAndQueue{1}{2}{3}{4}::xStaticTimerQueue
                        0x2000'4b74    0x50  Data  Lc  timers.o [1]
prvCheckTasksWaitingTermination
                         0x800'417d    0x3c  Code  Lc  tasks.o [1]
prvCopyDataFromQueue     0x800'5897    0x2a  Code  Lc  queue.o [1]
prvCopyDataToQueue       0x800'5811    0x86  Code  Lc  queue.o [1]
prvDeleteTCB             0x800'41b9    0x42  Code  Lc  tasks.o [1]
prvGetNextExpireTime     0x800'4623    0x26  Code  Lc  timers.o [1]
prvHeapInit              0x800'4a87    0x5e  Code  Lc  heap_4.o [1]
prvIdleTask              0x800'40f5    0x22  Code  Lc  tasks.o [1]
prvInitialiseNewQueue    0x800'541b    0x22  Code  Lc  queue.o [1]
prvInitialiseNewTask     0x800'3aaf    0xc2  Code  Lc  tasks.o [1]
prvInitialiseNewTimer    0x800'4475    0x54  Code  Lc  timers.o [1]
prvInitialiseTaskLists   0x800'4121    0x54  Code  Lc  tasks.o [1]
prvInsertBlockIntoFreeList
                         0x800'4ae5    0x5e  Code  Lc  heap_4.o [1]
prvInsertTimerInActiveList
                         0x800'4671    0x3e  Code  Lc  timers.o [1]
prvIsQueueEmpty          0x800'592f    0x1c  Code  Lc  queue.o [1]
prvIsQueueFull           0x800'594b    0x1e  Code  Lc  queue.o [1]
prvProcessExpiredTimer   0x800'452d    0x6a  Code  Lc  timers.o [1]
prvProcessReceivedCommands
                         0x800'46af   0x13c  Code  Lc  timers.o [1]
prvProcessTimerOrBlockTask
                         0x800'45ad    0x76  Code  Lc  timers.o [1]
prvResetNextTaskUnblockTime
                         0x800'41fb    0x24  Code  Lc  tasks.o [1]
prvSampleTimeNow         0x800'4649    0x28  Code  Lc  timers.o [1]
prvSampleTimeNow::xLastTime
                        0x2000'4e2c     0x4  Data  Lc  timers.o [1]
prvSwitchTimerLists      0x800'47eb    0x74  Code  Lc  timers.o [1]
prvTaskExitError         0x800'50b1    0x2a  Code  Lc  port.o [1]
prvTimerTask             0x800'4599    0x14  Code  Lc  timers.o [1]
prvUnlockQueue           0x800'58c1    0x6e  Code  Lc  queue.o [1]
pvPortMalloc             0x800'4901   0x114  Code  Gb  heap_4.o [1]
pvTimerGetTimerID        0x800'48ab    0x26  Code  Gb  timers.o [1]
pxCurrentTCB            0x2000'4de0     0x4  Data  Gb  tasks.o [1]
pxCurrentTimerList      0x2000'4e1c     0x4  Data  Lc  timers.o [1]
pxDelayedTaskList       0x2000'4de4     0x4  Data  Lc  tasks.o [1]
pxEnd                   0x2000'4dc8     0x4  Data  Lc  heap_4.o [1]
pxOverflowDelayedTaskList
                        0x2000'4de8     0x4  Data  Lc  tasks.o [1]
pxOverflowTimerList     0x2000'4e20     0x4  Data  Lc  timers.o [1]
pxPortInitialiseStack    0x800'5089    0x28  Code  Gb  port.o [1]
pxReadyTasksLists       0x2000'3c4c   0x460  Data  Lc  tasks.o [1]
ucHeap                  0x2000'004c  0x3c00  Data  Lc  heap_4.o [1]
ucMaxSysCallPriority    0x2000'4e31     0x1  Data  Lc  port.o [1]
ulMaxPRIGROUPValue      0x2000'4dd8     0x4  Data  Lc  port.o [1]
update_controller_PI     0x800'4ce7    0x82  Code  Gb  tawan_joseph_encoder_drive.o [1]
uwTick                  0x2000'4ddc     0x4  Data  Gb  stm32f4xx_hal.o [1]
uwTickFreq              0x2000'0048     0x1  Data  Gb  stm32f4xx_hal.o [1]
uwTickPrio              0x2000'0040     0x4  Data  Gb  stm32f4xx_hal.o [1]
uxCriticalNesting       0x2000'003c     0x4  Data  Lc  port.o [1]
uxCurrentNumberOfTasks  0x2000'4df0     0x4  Data  Lc  tasks.o [1]
uxDeletedTasksWaitingCleanUp
                        0x2000'4dec     0x4  Data  Lc  tasks.o [1]
uxListRemove             0x800'5061    0x26  Code  Gb  list.o [1]
uxPendedTicks           0x2000'4e00     0x4  Data  Lc  tasks.o [1]
uxSchedulerSuspended    0x2000'4e18     0x4  Data  Lc  tasks.o [1]
uxTaskNumber            0x2000'4e0c     0x4  Data  Lc  tasks.o [1]
uxTopReadyPriority      0x2000'4df8     0x4  Data  Lc  tasks.o [1]
vApplicationGetIdleTaskMemory
                         0x800'2281     0xe  Code  Gb  cmsis_os2.o [1]
vApplicationGetTimerTaskMemory
                         0x800'228f    0x10  Code  Gb  cmsis_os2.o [1]
vListInitialise          0x800'4fef    0x1e  Code  Gb  list.o [1]
vListInitialiseItem      0x800'500d     0x6  Code  Gb  list.o [1]
vListInsert              0x800'502b    0x36  Code  Gb  list.o [1]
vListInsertEnd           0x800'5013    0x18  Code  Gb  list.o [1]
vPortEnableVFP           0x800'5f11          Code  Gb  portasm.o [1]
vPortEnterCritical       0x800'51a9    0x34  Code  Gb  port.o [1]
vPortExitCritical        0x800'51dd    0x2c  Code  Gb  port.o [1]
vPortFree                0x800'4a15    0x72  Code  Gb  heap_4.o [1]
vPortStartFirstTask      0x800'5ef1          Code  Gb  portasm.o [1]
vPortValidateInterruptPriority
                         0x800'5231    0x4a  Code  Gb  port.o [1]
vQueueAddToRegistry      0x800'5969    0x24  Code  Gb  queue.o [1]
vQueueWaitForMessageRestricted
                         0x800'5991    0x4a  Code  Gb  queue.o [1]
vTaskDelay               0x800'3c0f    0x4c  Code  Gb  tasks.o [1]
vTaskInternalSetTimeOutState
                         0x800'404d    0x12  Code  Gb  tasks.o [1]
vTaskMissedYield         0x800'40eb     0xa  Code  Gb  tasks.o [1]
vTaskPlaceOnEventList    0x800'3f4d    0x2e  Code  Gb  tasks.o [1]
vTaskPlaceOnEventListRestricted
                         0x800'3f7b    0x38  Code  Gb  tasks.o [1]
vTaskStartScheduler      0x800'3c5b    0x96  Code  Gb  tasks.o [1]
vTaskSuspendAll          0x800'3cf1     0xc  Code  Gb  tasks.o [1]
vTaskSwitchContext       0x800'3edb    0x72  Code  Gb  tasks.o [1]
xActiveTimerList1       0x2000'4d70    0x14  Data  Lc  timers.o [1]
xActiveTimerList2       0x2000'4d84    0x14  Data  Lc  timers.o [1]
xBlockAllocatedBit      0x2000'4dd4     0x4  Data  Lc  heap_4.o [1]
xDelayedTaskList1       0x2000'4d0c    0x14  Data  Lc  tasks.o [1]
xDelayedTaskList2       0x2000'4d20    0x14  Data  Lc  tasks.o [1]
xFreeBytesRemaining     0x2000'4dcc     0x4  Data  Lc  heap_4.o [1]
xHeapStructSize          0x800'6418     0x4  Data  Lc  heap_4.o [1]
xIdleTaskHandle         0x2000'4e14     0x4  Data  Lc  tasks.o [1]
xMinimumEverFreeBytesRemaining
                        0x2000'4dd0     0x4  Data  Lc  heap_4.o [1]
xNextTaskUnblockTime    0x2000'4e10     0x4  Data  Lc  tasks.o [1]
xNumOfOverflows         0x2000'4e08     0x4  Data  Lc  tasks.o [1]
xPendingReadyList       0x2000'4d34    0x14  Data  Lc  tasks.o [1]
xPortStartScheduler      0x800'50db    0xce  Code  Gb  port.o [1]
xQueueGenericCreateStatic
                         0x800'5373    0xa8  Code  Gb  queue.o [1]
xQueueGenericReset       0x800'52e1    0x92  Code  Gb  queue.o [1]
xQueueGenericSend        0x800'543d   0x196  Code  Gb  queue.o [1]
xQueueGenericSendFromISR
                         0x800'55d3    0xde  Code  Gb  queue.o [1]
xQueueReceive            0x800'56b1   0x15a  Code  Gb  queue.o [1]
xQueueRegistry          0x2000'4c0c    0x40  Data  Gb  queue.o [1]
xSchedulerRunning       0x2000'4dfc     0x4  Data  Lc  tasks.o [1]
xStart                  0x2000'4da4     0x8  Data  Lc  heap_4.o [1]
xSuspendedTaskList      0x2000'4d5c    0x14  Data  Lc  tasks.o [1]
xTaskCheckForTimeOut     0x800'4069    0x82  Code  Gb  tasks.o [1]
xTaskCreate              0x800'3a3d    0x72  Code  Gb  tasks.o [1]
xTaskCreateStatic        0x800'39b9    0x84  Code  Gb  tasks.o [1]
xTaskGetSchedulerState   0x800'421f    0x20  Code  Gb  tasks.o [1]
xTaskGetTickCount        0x800'3de1     0x8  Code  Gb  tasks.o [1]
xTaskIncrementTick       0x800'3de9    0xf2  Code  Gb  tasks.o [1]
xTaskPriorityDisinherit
                         0x800'4245    0x8a  Code  Gb  tasks.o [1]
xTaskRemoveFromEventList
                         0x800'3fc9    0x7e  Code  Gb  tasks.o [1]
xTaskResumeAll           0x800'3cfd    0xe4  Code  Gb  tasks.o [1]
xTasksWaitingTermination
                        0x2000'4d48    0x14  Data  Lc  tasks.o [1]
xTickCount              0x2000'4df4     0x4  Data  Lc  tasks.o [1]
xTimerCreate             0x800'43f3    0x36  Code  Gb  timers.o [1]
xTimerCreateStatic       0x800'4429    0x4c  Code  Gb  timers.o [1]
xTimerCreateTimerTask    0x800'4389    0x6a  Code  Gb  timers.o [1]
xTimerGenericCommand     0x800'44c9    0x64  Code  Gb  timers.o [1]
xTimerQueue             0x2000'4e24     0x4  Data  Lc  timers.o [1]
xTimerTaskHandle        0x2000'4e28     0x4  Data  Lc  timers.o [1]
xYieldPending           0x2000'4e04     0x4  Data  Lc  tasks.o [1]


[1] = C:\Users\mac\Documents\MASTER_DEGREE\Speed_control_test_FreeRTOS\EWARM\Speed_control_test_FreeRTOS\Obj
[2] = dl7M_tlf.a
[3] = m7M_tls.a
[4] = rt7M_tl.a
[5] = shb_l.a

  25'718 bytes of readonly  code memory
     266 bytes of readonly  data memory
  21'039 bytes of readwrite data memory

Errors: none
Warnings: none
